Component: ARM Compiler 6.16 Tool: armlink [5dfeaa00]

==============================================================================

Section Cross References

    startup_air001_dev.o(RESET) refers to startup_air001_dev.o(STACK) for __initial_sp
    startup_air001_dev.o(RESET) refers to startup_air001_dev.o(.text) for Reset_Handler
    startup_air001_dev.o(RESET) refers to air001xx_it.o(.text.NMI_Handler) for NMI_Handler
    startup_air001_dev.o(RESET) refers to air001xx_it.o(.text.HardFault_Handler) for HardFault_Handler
    startup_air001_dev.o(RESET) refers to air001xx_it.o(.text.SVC_Handler) for SVC_Handler
    startup_air001_dev.o(RESET) refers to air001xx_it.o(.text.PendSV_Handler) for PendSV_Handler
    startup_air001_dev.o(RESET) refers to air001xx_it.o(.text.SysTick_Handler) for SysTick_Handler
    startup_air001_dev.o(RESET) refers to air001xx_it.o(.text.DMA1_Channel1_IRQHandler) for DMA1_Channel1_IRQHandler
    startup_air001_dev.o(RESET) refers to air001xx_it.o(.text.DMA1_Channel2_3_IRQHandler) for DMA1_Channel2_3_IRQHandler
    startup_air001_dev.o(RESET) refers to air001xx_it.o(.text.TIM1_BRK_UP_TRG_COM_IRQHandler) for TIM1_BRK_UP_TRG_COM_IRQHandler
    startup_air001_dev.o(RESET) refers to air001xx_it.o(.text.USART1_IRQHandler) for USART1_IRQHandler
    startup_air001_dev.o(RESET) refers to air001xx_it.o(.text.USART2_IRQHandler) for USART2_IRQHandler
    startup_air001_dev.o(.text) refers to system_air001xx.o(.text.SystemInit) for SystemInit
    startup_air001_dev.o(.text) refers to entry.o(.ARM.Collect$$$$00000000) for __main
    system_air001xx.o(.text.SystemCoreClockUpdate) refers to system_air001xx.o(.rodata.HSIFreqTable) for HSIFreqTable
    system_air001xx.o(.text.SystemCoreClockUpdate) refers to system_air001xx.o(.data.SystemCoreClock) for SystemCoreClock
    system_air001xx.o(.text.SystemCoreClockUpdate) refers to system_air001xx.o(.rodata.AHBPrescTable) for AHBPrescTable
    system_air001xx.o(.ARM.exidx.text.SystemCoreClockUpdate) refers to system_air001xx.o(.text.SystemCoreClockUpdate) for [Anonymous Symbol]
    system_air001xx.o(.ARM.exidx.text.SystemInit) refers to system_air001xx.o(.text.SystemInit) for [Anonymous Symbol]
    system_air001xx.o(.text.$Sub$$main) refers to main.o(.text.main) for $Super$$main
    system_air001xx.o(.text.$Sub$$main) refers to system_air001xx.o(.ARM.__at_0x20000000) for VECT_SRAM_TAB
    system_air001xx.o(.ARM.exidx.text.$Sub$$main) refers to system_air001xx.o(.text.$Sub$$main) for [Anonymous Symbol]
    main.o(.text.uart_dma_rxtx_test) refers to air001xx_hal_uart.o(.text.HAL_UART_Receive_DMA) for HAL_UART_Receive_DMA
    main.o(.text.uart_dma_rxtx_test) refers to air001xx_hal_uart.o(.text.HAL_UART_GetState) for HAL_UART_GetState
    main.o(.text.uart_dma_rxtx_test) refers to air001xx_hal_uart.o(.text.HAL_UART_Transmit_DMA) for HAL_UART_Transmit_DMA
    main.o(.text.uart_dma_rxtx_test) refers to usart.o(.bss.huart2) for huart2
    main.o(.text.uart_dma_rxtx_test) refers to main.o(.data.aRxBuffer) for aRxBuffer
    main.o(.ARM.exidx.text.uart_dma_rxtx_test) refers to main.o(.text.uart_dma_rxtx_test) for [Anonymous Symbol]
    main.o(.ARM.exidx.text.Error_Handler) refers to main.o(.text.Error_Handler) for [Anonymous Symbol]
    main.o(.text.dmaPushPackage) refers to usart.o(.text.PackageSendData) for PackageSendData
    main.o(.text.dmaPushPackage) refers to air001xx_hal.o(.text.HAL_Delay) for HAL_Delay
    main.o(.text.dmaPushPackage) refers to air001xx_hal_uart.o(.text.HAL_UART_Transmit) for HAL_UART_Transmit
    main.o(.text.dmaPushPackage) refers to usart.o(.bss.huart2) for huart2
    main.o(.ARM.exidx.text.dmaPushPackage) refers to main.o(.text.dmaPushPackage) for [Anonymous Symbol]
    main.o(.text.dmaGetPackage) refers to usart.o(.text.dma_printf) for dma_printf
    main.o(.text.dmaGetPackage) refers to air001xx_hal.o(.text.HAL_Delay) for HAL_Delay
    main.o(.text.dmaGetPackage) refers to air001xx_hal_uart.o(.text.HAL_UART_Transmit) for HAL_UART_Transmit
    main.o(.text.dmaGetPackage) refers to usart.o(.text.UART2_TX_DMA_Send) for UART2_TX_DMA_Send
    main.o(.text.dmaGetPackage) refers to memseta.o(.text) for __aeabi_memclr4
    main.o(.text.dmaGetPackage) refers to memcpya.o(.text) for __aeabi_memcpy
    main.o(.text.dmaGetPackage) refers to usart.o(.text.UnpackReceivedData) for UnpackReceivedData
    main.o(.text.dmaGetPackage) refers to air001xx_hal_uart.o(.text.HAL_UART_Receive_DMA) for HAL_UART_Receive_DMA
    main.o(.text.dmaGetPackage) refers to usart.o(.bss.usart2_recv_end_flag) for usart2_recv_end_flag
    main.o(.text.dmaGetPackage) refers to usart.o(.bss.usart2_rx_len) for usart2_rx_len
    main.o(.text.dmaGetPackage) refers to usart.o(.bss.huart1) for huart1
    main.o(.text.dmaGetPackage) refers to usart.o(.bss.usart2_rx_buffer) for usart2_rx_buffer
    main.o(.text.dmaGetPackage) refers to main.o(.rodata.str1.1) for [Anonymous Symbol]
    main.o(.text.dmaGetPackage) refers to usart.o(.bss.huart2) for huart2
[...]
    RESET                                    0x08000000   Section      192  startup_air001_dev.o(RESET)
    .ARM.Collect$$$$00000000                 0x080000c0   Section        0  entry.o(.ARM.Collect$$$$00000000)
    .ARM.Collect$$$$00000001                 0x080000c0   Section        4  entry2.o(.ARM.Collect$$$$00000001)
    .ARM.Collect$$$$00000004                 0x080000c4   Section        4  entry5.o(.ARM.Collect$$$$00000004)
    .ARM.Collect$$$$00000008                 0x080000c8   Section        0  entry7b.o(.ARM.Collect$$$$00000008)
    .ARM.Collect$$$$0000000A                 0x080000c8   Section        0  entry8b.o(.ARM.Collect$$$$0000000A)
    .ARM.Collect$$$$0000000B                 0x080000c8   Section        8  entry9a.o(.ARM.Collect$$$$0000000B)
    __lit__00000000                          0x080000d0   Data           4  entry2.o(.ARM.Collect$$$$00002712)
    .ARM.Collect$$$$0000000D                 0x080000d0   Section        0  entry10a.o(.ARM.Collect$$$$0000000D)
    .ARM.Collect$$$$0000000F                 0x080000d0   Section        0  entry11a.o(.ARM.Collect$$$$0000000F)
    .ARM.Collect$$$$00002712                 0x080000d0   Section        4  entry2.o(.ARM.Collect$$$$00002712)
    .text                                    0x080000d4   Section       28  startup_air001_dev.o(.text)
    .text                                    0x080000f0   Section        0  memcpya.o(.text)
    .text                                    0x08000114   Section        0  memseta.o(.text)
    .text                                    0x08000138   Section        0  dadd.o(.text)
    .text                                    0x0800029c   Section        0  dmul.o(.text)
    .text                                    0x0800036c   Section        0  ddiv.o(.text)
    .text                                    0x0800045c   Section        0  ffltui.o(.text)
    .text                                    0x0800046c   Section        0  dfltui.o(.text)
    .text                                    0x08000488   Section        0  ffixui.o(.text)
    .text                                    0x080004b0   Section        0  dfixui.o(.text)
    .text                                    0x080004ec   Section        0  f2d.o(.text)
    .text                                    0x08000514   Section        0  uidiv_div0.o(.text)
    .text                                    0x08000552   Section        0  uldiv.o(.text)
    .text                                    0x080005b2   Section        0  llshl.o(.text)
    .text                                    0x080005d2   Section        0  llushr.o(.text)
    .text                                    0x080005f4   Section        0  llsshr.o(.text)
    .text                                    0x0800061a   Section        0  iusefp.o(.text)
    .text                                    0x0800061a   Section        0  fepilogue.o(.text)
    .text                                    0x0800069c   Section        0  depilogue.o(.text)
    .text                                    0x0800075c   Section        0  dfixul.o(.text)
    .text                                    0x0800079c   Section       40  cdrcmple.o(.text)
    .text                                    0x080007c4   Section       36  init.o(.text)
    [Anonymous Symbol]                       0x080007e8   Section        0  system_air001xx.o(.text.$Sub$$main)
    __arm_cp.2_0                             0x0800080c   Number         4  system_air001xx.o(.text.$Sub$$main)
    __arm_cp.2_1                             0x08000810   Number         4  system_air001xx.o(.text.$Sub$$main)
    [Anonymous Symbol]                       0x08000814   Section        0  adc.o(.text.ADC1_Init)
    __arm_cp.0_0                             0x08000890   Number         4  adc.o(.text.ADC1_Init)
    __arm_cp.0_1                             0x08000894   Number         4  adc.o(.text.ADC1_Init)
    __arm_cp.0_2                             0x08000898   Number         4  adc.o(.text.ADC1_Init)
    [Anonymous Symbol]                       0x0800089c   Section        0  crc.o(.text.CRC_Init)
    __arm_cp.0_0                             0x080008b4   Number         4  crc.o(.text.CRC_Init)
    __arm_cp.0_1                             0x080008b8   Number         4  crc.o(.text.CRC_Init)
    [Anonymous Symbol]                       0x080008bc   Section        0  usart.o(.text.CheckSumCrc16)
    __arm_cp.6_0                             0x080008f4   Number         4  usart.o(.text.CheckSumCrc16)
    __arm_cp.6_1                             0x080008f8   Number         4  usart.o(.text.CheckSumCrc16)
    [Anonymous Symbol]                       0x080008fc   Section        0  air001xx_it.o(.text.DMA1_Channel1_IRQHandler)
    [Anonymous Symbol]                       0x08000908   Section        0  air001xx_it.o(.text.DMA1_Channel2_3_IRQHandler)
    __arm_cp.7_0                             0x08000914   Number         4  air001xx_it.o(.text.DMA1_Channel2_3_IRQHandler)
    DMA_SetConfig                            0x08000919   Thumb Code    38  air001xx_hal_dma.o(.text.DMA_SetConfig)
    [Anonymous Symbol]                       0x08000918   Section        0  air001xx_hal_dma.o(.text.DMA_SetConfig)
    [Anonymous Symbol]                       0x0800093e   Section        0  main.o(.text.Error_Handler)
    [Anonymous Symbol]                       0x08000940   Section        0  gpio.o(.text.GPIO_Init)
    __arm_cp.0_1                             0x080009b0   Number         4  gpio.o(.text.GPIO_Init)
    [Anonymous Symbol]                       0x080009b4   Section        0  air001xx_hal_adc.o(.text.HAL_ADC_Calibration_Start)
    [Anonymous Symbol]                       0x08000a40   Section        0  air001xx_hal_adc.o(.text.HAL_ADC_ConfigChannel)
    __arm_cp.24_0                            0x08000b28   Number         4  air001xx_hal_adc.o(.text.HAL_ADC_ConfigChannel)
    __arm_cp.24_1                            0x08000b2c   Number         4  air001xx_hal_adc.o(.text.HAL_ADC_ConfigChannel)
    __arm_cp.24_2                            0x08000b30   Number         4  air001xx_hal_adc.o(.text.HAL_ADC_ConfigChannel)
    __arm_cp.24_3                            0x08000b34   Number         4  air001xx_hal_adc.o(.text.HAL_ADC_ConfigChannel)
    __arm_cp.24_4                            0x08000b38   Number         4  air001xx_hal_adc.o(.text.HAL_ADC_ConfigChannel)
    __arm_cp.24_5                            0x08000b3c   Number         4  air001xx_hal_adc.o(.text.HAL_ADC_ConfigChannel)
    [Anonymous Symbol]                       0x08000b40   Section        0  air001xx_hal_adc.o(.text.HAL_ADC_Init)
    __arm_cp.0_0                             0x08000c6c   Number         4  air001xx_hal_adc.o(.text.HAL_ADC_Init)
    __arm_cp.0_1                             0x08000c70   Number         4  air001xx_hal_adc.o(.text.HAL_ADC_Init)
    [Anonymous Symbol]                       0x08000c74   Section        0  adc.o(.text.HAL_ADC_MspInit)
    __arm_cp.1_0                             0x08000ccc   Number         4  adc.o(.text.HAL_ADC_MspInit)
    __arm_cp.1_1                             0x08000cd0   Number         4  adc.o(.text.HAL_ADC_MspInit)
    [Anonymous Symbol]                       0x08000cd4   Section        0  air001xx_hal_crc.o(.text.HAL_CRC_Init)
    [Anonymous Symbol]                       0x08000cf8   Section        0  crc.o(.text.HAL_CRC_MspInit)
    __arm_cp.1_0                             0x08000d20   Number         4  crc.o(.text.HAL_CRC_MspInit)
    __arm_cp.1_1                             0x08000d24   Number         4  crc.o(.text.HAL_CRC_MspInit)
    [Anonymous Symbol]                       0x08000d28   Section        0  air001xx_hal_dma.o(.text.HAL_DMA_Abort)
    [Anonymous Symbol]                       0x08000d64   Section        0  air001xx_hal_dma.o(.text.HAL_DMA_Abort_IT)
    [Anonymous Symbol]                       0x08000dbc   Section        0  air001xx_hal_dma.o(.text.HAL_DMA_IRQHandler)
    __arm_cp.8_0                             0x08000e90   Number         4  air001xx_hal_dma.o(.text.HAL_DMA_IRQHandler)
    [Anonymous Symbol]                       0x08000e94   Section        0  air001xx_hal_dma.o(.text.HAL_DMA_Init)
    __arm_cp.0_0                             0x08000f00   Number         4  air001xx_hal_dma.o(.text.HAL_DMA_Init)
    __arm_cp.0_1                             0x08000f04   Number         4  air001xx_hal_dma.o(.text.HAL_DMA_Init)
    __arm_cp.0_2                             0x08000f08   Number         4  air001xx_hal_dma.o(.text.HAL_DMA_Init)
    [Anonymous Symbol]                       0x08000f0c   Section        0  air001xx_hal_dma.o(.text.HAL_DMA_Start_IT)
    [Anonymous Symbol]                       0x08000f70   Section        0  air001xx_hal.o(.text.HAL_Delay)
    [Anonymous Symbol]                       0x08000f90   Section        0  air001xx_hal_gpio.o(.text.HAL_GPIO_Init)
    __arm_cp.0_0                             0x080010f0   Number         4  air001xx_hal_gpio.o(.text.HAL_GPIO_Init)
    __arm_cp.0_1                             0x080010f4   Number         4  air001xx_hal_gpio.o(.text.HAL_GPIO_Init)
    __arm_cp.0_2                             0x080010f8   Number         4  air001xx_hal_gpio.o(.text.HAL_GPIO_Init)
    __arm_cp.0_3                             0x080010fc   Number         4  air001xx_hal_gpio.o(.text.HAL_GPIO_Init)
    [Anonymous Symbol]                       0x08001100   Section        0  air001xx_hal_gpio.o(.text.HAL_GPIO_WritePin)
    [Anonymous Symbol]                       0x08001110   Section        0  air001xx_hal.o(.text.HAL_GetTick)
    [Anonymous Symbol]                       0x08001118   Section        0  air001xx_hal.o(.text.HAL_IncTick)
    __arm_cp.5_1                             0x08001128   Number         4  air001xx_hal.o(.text.HAL_IncTick)
    [Anonymous Symbol]                       0x0800112c   Section        0  air001xx_hal.o(.text.HAL_Init)
    [Anonymous Symbol]                       0x08001144   Section        0  air001xx_hal.o(.text.HAL_InitTick)
    __arm_cp.1_0                             0x08001184   Number         4  air001xx_hal.o(.text.HAL_InitTick)
    [Anonymous Symbol]                       0x08001188   Section        0  air001xx_hal_msp.o(.text.HAL_MspInit)
    __arm_cp.0_0                             0x080011b0   Number         4  air001xx_hal_msp.o(.text.HAL_MspInit)
    [Anonymous Symbol]                       0x080011b4   Section        0  air001xx_hal_cortex.o(.text.HAL_NVIC_EnableIRQ)
    [Anonymous Symbol]                       0x080011bc   Section        0  air001xx_hal_cortex.o(.text.HAL_NVIC_SetPriority)
    [Anonymous Symbol]                       0x080011c4   Section        0  air001xx_hal_rcc.o(.text.HAL_RCC_ClockConfig)
    __arm_cp.4_0                             0x08001338   Number         4  air001xx_hal_rcc.o(.text.HAL_RCC_ClockConfig)
    __arm_cp.4_1                             0x0800133c   Number         4  air001xx_hal_rcc.o(.text.HAL_RCC_ClockConfig)
    __arm_cp.4_3                             0x08001340   Number         4  air001xx_hal_rcc.o(.text.HAL_RCC_ClockConfig)
    __arm_cp.4_5                             0x08001344   Number         4  air001xx_hal_rcc.o(.text.HAL_RCC_ClockConfig)
    [Anonymous Symbol]                       0x08001348   Section        0  air001xx_hal_rcc.o(.text.HAL_RCC_GetHCLKFreq)
    __arm_cp.6_0                             0x08001350   Number         4  air001xx_hal_rcc.o(.text.HAL_RCC_GetHCLKFreq)
    [Anonymous Symbol]                       0x08001354   Section        0  air001xx_hal_rcc.o(.text.HAL_RCC_GetPCLK1Freq)
    __arm_cp.7_1                             0x08001370   Number         4  air001xx_hal_rcc.o(.text.HAL_RCC_GetPCLK1Freq)
    [Anonymous Symbol]                       0x08001374   Section        0  air001xx_hal_rcc.o(.text.HAL_RCC_GetSysClockFreq)
    __arm_cp.2_0                             0x080013f0   Number         4  air001xx_hal_rcc.o(.text.HAL_RCC_GetSysClockFreq)
    __arm_cp.2_1                             0x080013f4   Number         4  air001xx_hal_rcc.o(.text.HAL_RCC_GetSysClockFreq)
    __arm_cp.2_2                             0x080013f8   Number         4  air001xx_hal_rcc.o(.text.HAL_RCC_GetSysClockFreq)
    __arm_cp.2_3                             0x080013fc   Number         4  air001xx_hal_rcc.o(.text.HAL_RCC_GetSysClockFreq)
    [Anonymous Symbol]                       0x08001400   Section        0  air001xx_hal_rcc.o(.text.HAL_RCC_OscConfig)
    __arm_cp.1_0                             0x08001840   Number         4  air001xx_hal_rcc.o(.text.HAL_RCC_OscConfig)
    __arm_cp.1_1                             0x08001844   Number         4  air001xx_hal_rcc.o(.text.HAL_RCC_OscConfig)
    __arm_cp.1_2                             0x08001848   Number         4  air001xx_hal_rcc.o(.text.HAL_RCC_OscConfig)
    __arm_cp.1_3                             0x0800184c   Number         4  air001xx_hal_rcc.o(.text.HAL_RCC_OscConfig)
    __arm_cp.1_4                             0x08001850   Number         4  air001xx_hal_rcc.o(.text.HAL_RCC_OscConfig)
    __arm_cp.1_5                             0x08001854   Number         4  air001xx_hal_rcc.o(.text.HAL_RCC_OscConfig)
    __arm_cp.1_6                             0x08001858   Number         4  air001xx_hal_rcc.o(.text.HAL_RCC_OscConfig)
    __arm_cp.1_7                             0x0800185c   Number         4  air001xx_hal_rcc.o(.text.HAL_RCC_OscConfig)
    [Anonymous Symbol]                       0x08001860   Section        0  air001xx_hal.o(.text.HAL_SYSCFG_DMA_Req)
    __arm_cp.21_0                            0x0800186c   Number         4  air001xx_hal.o(.text.HAL_SYSCFG_DMA_Req)
    [Anonymous Symbol]                       0x08001870   Section        0  air001xx_hal_cortex.o(.text.HAL_SYSTICK_Config)
    [Anonymous Symbol]                       0x08001878   Section        0  air001xx_hal_tim_ex.o(.text.HAL_TIMEx_ConfigBreakDeadTime)
    [Anonymous Symbol]                       0x080018d4   Section        0  air001xx_hal_tim_ex.o(.text.HAL_TIMEx_MasterConfigSynchronization)
    __arm_cp.32_1                            0x0800191c   Number         4  air001xx_hal_tim_ex.o(.text.HAL_TIMEx_MasterConfigSynchronization)
    [Anonymous Symbol]                       0x08001920   Section        0  air001xx_hal_tim.o(.text.HAL_TIM_Base_Init)
    [Anonymous Symbol]                       0x08001954   Section        0  tim.o(.text.HAL_TIM_Base_MspInit)
    __arm_cp.2_1                             0x0800197c   Number         4  tim.o(.text.HAL_TIM_Base_MspInit)
    [Anonymous Symbol]                       0x08001980   Section        0  air001xx_hal_tim.o(.text.HAL_TIM_ConfigClockSource)
    __arm_cp.96_0                            0x08001a4c   Number         4  air001xx_hal_tim.o(.text.HAL_TIM_ConfigClockSource)
    [Anonymous Symbol]                       0x08001a50   Section        0  air001xx_hal_tim.o(.text.HAL_TIM_GenerateEvent)
    [Anonymous Symbol]                       0x08001a74   Section        0  tim.o(.text.HAL_TIM_MspPostInit)
    __arm_cp.1_1                             0x08001acc   Number         4  tim.o(.text.HAL_TIM_MspPostInit)
    __arm_cp.1_2                             0x08001ad0   Number         4  tim.o(.text.HAL_TIM_MspPostInit)
    [Anonymous Symbol]                       0x08001ad4   Section        0  air001xx_hal_tim.o(.text.HAL_TIM_PWM_ConfigChannel)
    [Anonymous Symbol]                       0x08001b98   Section        0  air001xx_hal_tim.o(.text.HAL_TIM_PWM_Init)
    [Anonymous Symbol]                       0x08001bcc   Section        0  air001xx_hal_tim.o(.text.HAL_TIM_PWM_MspInit)
    [Anonymous Symbol]                       0x08001bd0   Section        0  air001xx_hal_tim.o(.text.HAL_TIM_PWM_Start)
    [Anonymous Symbol]                       0x08001c10   Section        0  air001xx_hal_tim.o(.text.HAL_TIM_PWM_Stop)
    __arm_cp.32_0                            0x08001c6c   Number         4  air001xx_hal_tim.o(.text.HAL_TIM_PWM_Stop)
    __arm_cp.32_1                            0x08001c70   Number         4  air001xx_hal_tim.o(.text.HAL_TIM_PWM_Stop)
    __arm_cp.32_2                            0x08001c74   Number         4  air001xx_hal_tim.o(.text.HAL_TIM_PWM_Stop)
    __arm_cp.32_3                            0x08001c78   Number         4  air001xx_hal_tim.o(.text.HAL_TIM_PWM_Stop)
    __arm_cp.32_4                            0x08001c7c   Number         4  air001xx_hal_tim.o(.text.HAL_TIM_PWM_Stop)
    [Anonymous Symbol]                       0x08001c80   Section        0  air001xx_hal_uart.o(.text.HAL_UART_DMAStop)
    [Anonymous Symbol]                       0x08001cda   Section        0  air001xx_hal_uart.o(.text.HAL_UART_ErrorCallback)
    [Anonymous Symbol]                       0x08001cdc   Section        0  air001xx_hal_uart.o(.text.HAL_UART_GetState)
    [Anonymous Symbol]                       0x08001cec   Section        0  air001xx_hal_uart.o(.text.HAL_UART_IRQHandler)
    __arm_cp.38_0                            0x08001df0   Number         4  air001xx_hal_uart.o(.text.HAL_UART_IRQHandler)
    [Anonymous Symbol]                       0x08001df4   Section        0  air001xx_hal_uart.o(.text.HAL_UART_Init)
    [Anonymous Symbol]                       0x08001e60   Section        0  usart.o(.text.HAL_UART_MspInit)
    __arm_cp.1_0                             0x08001f5c   Number         4  usart.o(.text.HAL_UART_MspInit)
    __arm_cp.1_2                             0x08001f60   Number         4  usart.o(.text.HAL_UART_MspInit)
    __arm_cp.1_4                             0x08001f64   Number         4  usart.o(.text.HAL_UART_MspInit)
    __arm_cp.1_5                             0x08001f68   Number         4  usart.o(.text.HAL_UART_MspInit)
    [Anonymous Symbol]                       0x08001f6c   Section        0  air001xx_hal_uart.o(.text.HAL_UART_Receive_DMA)
    __arm_cp.17_1                            0x08002004   Number         4  air001xx_hal_uart.o(.text.HAL_UART_Receive_DMA)
    __arm_cp.17_2                            0x08002008   Number         4  air001xx_hal_uart.o(.text.HAL_UART_Receive_DMA)
    [Anonymous Symbol]                       0x0800200c   Section        0  usart.o(.text.HAL_UART_RxCpltCallback)
    [Anonymous Symbol]                       0x0800200e   Section        0  air001xx_hal_uart.o(.text.HAL_UART_RxHalfCpltCallback)
    [Anonymous Symbol]                       0x08002010   Section        0  air001xx_hal_uart.o(.text.HAL_UART_Transmit)
    __arm_cp.8_0                             0x080020f8   Number         4  air001xx_hal_uart.o(.text.HAL_UART_Transmit)
    [Anonymous Symbol]                       0x080020fc   Section        0  air001xx_hal_uart.o(.text.HAL_UART_Transmit_DMA)
    __arm_cp.13_0                            0x0800216c   Number         4  air001xx_hal_uart.o(.text.HAL_UART_Transmit_DMA)
    __arm_cp.13_1                            0x08002170   Number         4  air001xx_hal_uart.o(.text.HAL_UART_Transmit_DMA)
    __arm_cp.13_2                            0x08002174   Number         4  air001xx_hal_uart.o(.text.HAL_UART_Transmit_DMA)
    [Anonymous Symbol]                       0x08002178   Section        0  usart.o(.text.HAL_UART_TxCpltCallback)
    __arm_cp.4_0                             0x080021a4   Number         4  usart.o(.text.HAL_UART_TxCpltCallback)
    __arm_cp.4_1                             0x080021a8   Number         4  usart.o(.text.HAL_UART_TxCpltCallback)
    __arm_cp.4_2                             0x080021ac   Number         4  usart.o(.text.HAL_UART_TxCpltCallback)
    __arm_cp.4_3                             0x080021b0   Number         4  usart.o(.text.HAL_UART_TxCpltCallback)
    __arm_cp.4_4                             0x080021b4   Number         4  usart.o(.text.HAL_UART_TxCpltCallback)
    [Anonymous Symbol]                       0x080021b8   Section        0  air001xx_hal_uart.o(.text.HAL_UART_TxHalfCpltCallback)
    [Anonymous Symbol]                       0x080021ba   Section        0  air001xx_it.o(.text.HardFault_Handler)
    [Anonymous Symbol]                       0x080021bc   Section        0  air001xx_it.o(.text.NMI_Handler)
    NVIC_EnableIRQ                           0x080021c1   Thumb Code    16  air001xx_hal_cortex.o(.text.NVIC_EnableIRQ)
    [Anonymous Symbol]                       0x080021c0   Section        0  air001xx_hal_cortex.o(.text.NVIC_EnableIRQ)
    __arm_cp.3_0                             0x080021d0   Number         4  air001xx_hal_cortex.o(.text.NVIC_EnableIRQ)
    NVIC_SetPriority                         0x080021d5   Thumb Code    56  air001xx_hal_cortex.o(.text.NVIC_SetPriority)
    [Anonymous Symbol]                       0x080021d4   Section        0  air001xx_hal_cortex.o(.text.NVIC_SetPriority)
    __arm_cp.1_0                             0x0800220c   Number         4  air001xx_hal_cortex.o(.text.NVIC_SetPriority)
    __arm_cp.1_1                             0x08002210   Number         4  air001xx_hal_cortex.o(.text.NVIC_SetPriority)
    [Anonymous Symbol]                       0x08002214   Section        0  air001xx_it.o(.text.PendSV_Handler)
    RCC_GetHSIFreq                           0x08002219   Thumb Code    16  air001xx_hal_rcc.o(.text.RCC_GetHSIFreq)
    [Anonymous Symbol]                       0x08002218   Section        0  air001xx_hal_rcc.o(.text.RCC_GetHSIFreq)
    __arm_cp.3_1                             0x08002228   Number         4  air001xx_hal_rcc.o(.text.RCC_GetHSIFreq)
    [Anonymous Symbol]                       0x0800222c   Section        0  air001xx_it.o(.text.SVC_Handler)
    SysTick_Config                           0x08002231   Thumb Code    36  air001xx_hal_cortex.o(.text.SysTick_Config)
    [Anonymous Symbol]                       0x08002230   Section        0  air001xx_hal_cortex.o(.text.SysTick_Config)
    __arm_cp.9_0                             0x08002254   Number         4  air001xx_hal_cortex.o(.text.SysTick_Config)
    [Anonymous Symbol]                       0x08002258   Section        0  air001xx_it.o(.text.SysTick_Handler)
    SystemClock_Config                       0x08002261   Thumb Code    88  main.o(.text.SystemClock_Config)
    [Anonymous Symbol]                       0x08002260   Section        0  main.o(.text.SystemClock_Config)
    __arm_cp.6_0                             0x080022b8   Number         4  main.o(.text.SystemClock_Config)
    __arm_cp.6_1                             0x080022bc   Number         4  main.o(.text.SystemClock_Config)
    [Anonymous Symbol]                       0x080022c0   Section        0  system_air001xx.o(.text.SystemInit)
    __arm_cp.1_0                             0x080022e0   Number         4  system_air001xx.o(.text.SystemInit)
    __arm_cp.1_1                             0x080022e4   Number         4  system_air001xx.o(.text.SystemInit)
    __arm_cp.1_2                             0x080022e8   Number         4  system_air001xx.o(.text.SystemInit)
    __arm_cp.1_3                             0x080022ec   Number         4  system_air001xx.o(.text.SystemInit)
    [Anonymous Symbol]                       0x080022f0   Section        0  air001xx_it.o(.text.TIM1_BRK_UP_TRG_COM_IRQHandler)
    [Anonymous Symbol]                       0x080022f4   Section        0  tim.o(.text.TIM1_Init)
    __arm_cp.0_0                             0x080023cc   Number         4  tim.o(.text.TIM1_Init)
    __arm_cp.0_1                             0x080023d0   Number         4  tim.o(.text.TIM1_Init)
    __arm_cp.0_2                             0x080023d4   Number         4  tim.o(.text.TIM1_Init)
    [Anonymous Symbol]                       0x080023d8   Section        0  air001xx_hal_tim.o(.text.TIM_Base_SetConfig)
    __arm_cp.2_1                             0x08002454   Number         4  air001xx_hal_tim.o(.text.TIM_Base_SetConfig)
    __arm_cp.2_2                             0x08002458   Number         4  air001xx_hal_tim.o(.text.TIM_Base_SetConfig)
    __arm_cp.2_5                             0x0800245c   Number         4  air001xx_hal_tim.o(.text.TIM_Base_SetConfig)
    [Anonymous Symbol]                       0x08002460   Section        0  air001xx_hal_tim.o(.text.TIM_CCxChannelCmd)
    [Anonymous Symbol]                       0x0800247a   Section        0  air001xx_hal_tim.o(.text.TIM_ETR_SetConfig)
    TIM_ITRx_SetConfig                       0x08002491   Thumb Code    16  air001xx_hal_tim.o(.text.TIM_ITRx_SetConfig)
    [Anonymous Symbol]                       0x08002490   Section        0  air001xx_hal_tim.o(.text.TIM_ITRx_SetConfig)
    TIM_OC1_SetConfig                        0x080024a1   Thumb Code   124  air001xx_hal_tim.o(.text.TIM_OC1_SetConfig)
    [Anonymous Symbol]                       0x080024a0   Section        0  air001xx_hal_tim.o(.text.TIM_OC1_SetConfig)
    [Anonymous Symbol]                       0x0800251c   Section        0  air001xx_hal_tim.o(.text.TIM_OC2_SetConfig)
    TIM_OC3_SetConfig                        0x08002595   Thumb Code   120  air001xx_hal_tim.o(.text.TIM_OC3_SetConfig)
    [Anonymous Symbol]                       0x08002594   Section        0  air001xx_hal_tim.o(.text.TIM_OC3_SetConfig)
    __arm_cp.76_1                            0x0800260c   Number         4  air001xx_hal_tim.o(.text.TIM_OC3_SetConfig)
    TIM_OC4_SetConfig                        0x08002611   Thumb Code    92  air001xx_hal_tim.o(.text.TIM_OC4_SetConfig)
    [Anonymous Symbol]                       0x08002610   Section        0  air001xx_hal_tim.o(.text.TIM_OC4_SetConfig)
    __arm_cp.77_0                            0x0800266c   Number         4  air001xx_hal_tim.o(.text.TIM_OC4_SetConfig)
    __arm_cp.77_1                            0x08002670   Number         4  air001xx_hal_tim.o(.text.TIM_OC4_SetConfig)
    __arm_cp.77_2                            0x08002674   Number         4  air001xx_hal_tim.o(.text.TIM_OC4_SetConfig)
    TIM_TI1_ConfigInputStage                 0x08002679   Thumb Code    34  air001xx_hal_tim.o(.text.TIM_TI1_ConfigInputStage)
    [Anonymous Symbol]                       0x08002678   Section        0  air001xx_hal_tim.o(.text.TIM_TI1_ConfigInputStage)
    TIM_TI2_ConfigInputStage                 0x0800269b   Thumb Code    38  air001xx_hal_tim.o(.text.TIM_TI2_ConfigInputStage)
    [Anonymous Symbol]                       0x0800269a   Section        0  air001xx_hal_tim.o(.text.TIM_TI2_ConfigInputStage)
    [Anonymous Symbol]                       0x080026c0   Section        0  usart.o(.text.UART2_TX_DMA_Send)
    __arm_cp.2_0                             0x08002780   Number         4  usart.o(.text.UART2_TX_DMA_Send)
    __arm_cp.2_1                             0x08002784   Number         4  usart.o(.text.UART2_TX_DMA_Send)
    __arm_cp.2_2                             0x08002788   Number         4  usart.o(.text.UART2_TX_DMA_Send)
    __arm_cp.2_3                             0x0800278c   Number         4  usart.o(.text.UART2_TX_DMA_Send)
    __arm_cp.2_4                             0x08002790   Number         4  usart.o(.text.UART2_TX_DMA_Send)
    UART_AdvFeatureConfig                    0x080027cd   Thumb Code    46  air001xx_hal_uart.o(.text.UART_AdvFeatureConfig)
    [Anonymous Symbol]                       0x080027cc   Section        0  air001xx_hal_uart.o(.text.UART_AdvFeatureConfig)
    UART_DMAAbortOnError                     0x080027fb   Thumb Code    16  air001xx_hal_uart.o(.text.UART_DMAAbortOnError)
    [Anonymous Symbol]                       0x080027fa   Section        0  air001xx_hal_uart.o(.text.UART_DMAAbortOnError)
    UART_DMAError                            0x0800280b   Thumb Code    78  air001xx_hal_uart.o(.text.UART_DMAError)
    [Anonymous Symbol]                       0x0800280a   Section        0  air001xx_hal_uart.o(.text.UART_DMAError)
    UART_DMAReceiveCplt                      0x08002859   Thumb Code    56  air001xx_hal_uart.o(.text.UART_DMAReceiveCplt)
    [Anonymous Symbol]                       0x08002858   Section        0  air001xx_hal_uart.o(.text.UART_DMAReceiveCplt)
    UART_DMARxHalfCplt                       0x08002891   Thumb Code    10  air001xx_hal_uart.o(.text.UART_DMARxHalfCplt)
    [Anonymous Symbol]                       0x08002890   Section        0  air001xx_hal_uart.o(.text.UART_DMARxHalfCplt)
    UART_DMATransmitCplt                     0x0800289b   Thumb Code    44  air001xx_hal_uart.o(.text.UART_DMATransmitCplt)
    [Anonymous Symbol]                       0x0800289a   Section        0  air001xx_hal_uart.o(.text.UART_DMATransmitCplt)
    UART_DMATxHalfCplt                       0x080028c7   Thumb Code    10  air001xx_hal_uart.o(.text.UART_DMATxHalfCplt)
    [Anonymous Symbol]                       0x080028c6   Section        0  air001xx_hal_uart.o(.text.UART_DMATxHalfCplt)
    UART_EndRxTransfer                       0x080028d1   Thumb Code    28  air001xx_hal_uart.o(.text.UART_EndRxTransfer)
    [Anonymous Symbol]                       0x080028d0   Section        0  air001xx_hal_uart.o(.text.UART_EndRxTransfer)
    UART_EndTransmit_IT                      0x080028ed   Thumb Code    24  air001xx_hal_uart.o(.text.UART_EndTransmit_IT)
    [Anonymous Symbol]                       0x080028ec   Section        0  air001xx_hal_uart.o(.text.UART_EndTransmit_IT)
    UART_EndTxTransfer                       0x08002905   Thumb Code    18  air001xx_hal_uart.o(.text.UART_EndTxTransfer)
    [Anonymous Symbol]                       0x08002904   Section        0  air001xx_hal_uart.o(.text.UART_EndTxTransfer)
    UART_Receive_IT                          0x08002919   Thumb Code   104  air001xx_hal_uart.o(.text.UART_Receive_IT)
    [Anonymous Symbol]                       0x08002918   Section        0  air001xx_hal_uart.o(.text.UART_Receive_IT)
    UART_SetConfig                           0x08002981   Thumb Code   196  air001xx_hal_uart.o(.text.UART_SetConfig)
    [Anonymous Symbol]                       0x08002980   Section        0  air001xx_hal_uart.o(.text.UART_SetConfig)
    __arm_cp.2_0                             0x08002a44   Number         4  air001xx_hal_uart.o(.text.UART_SetConfig)
    UART_Transmit_IT                         0x08002a49   Thumb Code    84  air001xx_hal_uart.o(.text.UART_Transmit_IT)
    [Anonymous Symbol]                       0x08002a48   Section        0  air001xx_hal_uart.o(.text.UART_Transmit_IT)
    __arm_cp.42_0                            0x08002a9c   Number         4  air001xx_hal_uart.o(.text.UART_Transmit_IT)
    UART_WaitOnFlagUntilTimeout              0x08002aa1   Thumb Code   106  air001xx_hal_uart.o(.text.UART_WaitOnFlagUntilTimeout)
    [Anonymous Symbol]                       0x08002aa0   Section        0  air001xx_hal_uart.o(.text.UART_WaitOnFlagUntilTimeout)
    [Anonymous Symbol]                       0x08002b0c   Section        0  air001xx_it.o(.text.USART1_IRQHandler)
    [Anonymous Symbol]                       0x08002b18   Section        0  air001xx_it.o(.text.USART2_IRQHandler)
    __arm_cp.10_2                            0x08002ba4   Number         4  air001xx_it.o(.text.USART2_IRQHandler)
    __arm_cp.10_6                            0x08002ba8   Number         4  air001xx_it.o(.text.USART2_IRQHandler)
    __arm_cp.10_7                            0x08002bac   Number         4  air001xx_it.o(.text.USART2_IRQHandler)
    __arm_cp.10_8                            0x08002bb0   Number         4  air001xx_it.o(.text.USART2_IRQHandler)
    __arm_cp.10_9                            0x08002bb4   Number         4  air001xx_it.o(.text.USART2_IRQHandler)
    [Anonymous Symbol]                       0x08002bb8   Section        0  usart.o(.text.USART2_UART_Init)
    __arm_cp.0_1                             0x08002bfc   Number         4  usart.o(.text.USART2_UART_Init)
    [Anonymous Symbol]                       0x08002c00   Section        0  usart.o(.text.UnpackReceivedData)
    __arm_cp.8_0                             0x08002d4c   Number         4  usart.o(.text.UnpackReceivedData)
    __arm_cp.8_1                             0x08002d50   Number         4  usart.o(.text.UnpackReceivedData)
    __arm_cp.8_2                             0x08002d54   Number         4  usart.o(.text.UnpackReceivedData)
    __arm_cp.8_3                             0x08002d58   Number         4  usart.o(.text.UnpackReceivedData)
    [Anonymous Symbol]                       0x08002d9c   Section        0  shockmodule.o(.text.delay_us)
    __arm_cp.0_0                             0x08002df4   Number         4  shockmodule.o(.text.delay_us)
    __arm_cp.0_1                             0x08002df8   Number         4  shockmodule.o(.text.delay_us)
    [Anonymous Symbol]                       0x08002dfc   Section        0  main.o(.text.dmaUartGetAppControl)
    __arm_cp.4_0                             0x08002e68   Number         4  main.o(.text.dmaUartGetAppControl)
    __arm_cp.4_1                             0x08002e6c   Number         4  main.o(.text.dmaUartGetAppControl)
    __arm_cp.4_2                             0x08002e70   Number         4  main.o(.text.dmaUartGetAppControl)
    __arm_cp.4_4                             0x08002e84   Number         4  main.o(.text.dmaUartGetAppControl)
    [Anonymous Symbol]                       0x08002e88   Section        0  usart.o(.text.dma_printf)
    __arm_cp.3_0                             0x08002ebc   Number         4  usart.o(.text.dma_printf)
    __arm_cp.3_1                             0x08002ec0   Number         4  usart.o(.text.dma_printf)
    [Anonymous Symbol]                       0x08002ec4   Section        0  shockmodule.o(.text.doubleMap)
    [Anonymous Symbol]                       0x08002f18   Section        0  air001_core_board.o(.text.fputc)
    __arm_cp.10_0                            0x08002f34   Number         4  air001_core_board.o(.text.fputc)
    [Anonymous Symbol]                       0x08002f38   Section        0  main.o(.text.main)
    __arm_cp.5_0                             0x08002fc4   Number         4  main.o(.text.main)
    __arm_cp.5_1                             0x08002fc8   Number         4  main.o(.text.main)
    __arm_cp.5_2                             0x08002fcc   Number         4  main.o(.text.main)
    [Anonymous Symbol]                       0x08002fec   Section        0  shockmodule.o(.text.pwmCalculatePSC_ARR)
    __arm_cp.5_0                             0x08003028   Number         4  shockmodule.o(.text.pwmCalculatePSC_ARR)
    __arm_cp.5_1                             0x0800302c   Number         4  shockmodule.o(.text.pwmCalculatePSC_ARR)
    [Anonymous Symbol]                       0x08003070   Section        0  shockmodule.o(.text.shockAllInit)
    [Anonymous Symbol]                       0x08003090   Section        0  shockmodule.o(.text.shockBoostSetDuty)
    __arm_cp.7_0                             0x08003174   Number         4  shockmodule.o(.text.shockBoostSetDuty)
    [Anonymous Symbol]                       0x08003178   Section        0  shockmodule.o(.text.shockBoostSetFreq)
    __arm_cp.6_0                             0x080031dc   Number         4  shockmodule.o(.text.shockBoostSetFreq)
    [Anonymous Symbol]                       0x08003208   Section        0  shockmodule.o(.text.shockBoostVol)
    [Anonymous Symbol]                       0x08003240   Section        0  shockmodule.o(.text.shockConstConfig)
    __arm_cp.4_0                             0x0800325c   Number         4  shockmodule.o(.text.shockConstConfig)
    __arm_cp.4_1                             0x08003260   Number         4  shockmodule.o(.text.shockConstConfig)
    [Anonymous Symbol]                       0x08003264   Section        0  shockmodule.o(.text.shockIOPinConfig)
    __arm_cp.3_1                             0x0800327c   Number         4  shockmodule.o(.text.shockIOPinConfig)
    [Anonymous Symbol]                       0x08003280   Section        0  shockmodule.o(.text.shockParameterUnpacking)
    [Anonymous Symbol]                       0x080033bc   Section        0  shockmodule.o(.text.shockPluseSenseSet)
    [Anonymous Symbol]                       0x080033cc   Section        0  shockmodule.o(.text.shockPulseSenseUnit)
    [Anonymous Symbol]                       0x08003414   Section        0  shockmodule.o(.text.shockTriggerAC)
    __arm_cp.10_0                            0x08003458   Number         4  shockmodule.o(.text.shockTriggerAC)
    i.__0printf                              0x0800345c   Section        0  printfa.o(i.__0printf)
    i.__0vsnprintf                           0x0800347c   Section        0  printfa.o(i.__0vsnprintf)
    i.__ARM_clz                              0x080034ac   Section        0  depilogue.o(i.__ARM_clz)
    i.__scatterload_copy                     0x080034da   Section       14  handlers.o(i.__scatterload_copy)
    i.__scatterload_null                     0x080034e8   Section        2  handlers.o(i.__scatterload_null)
    i.__scatterload_zeroinit                 0x080034ea   Section       14  handlers.o(i.__scatterload_zeroinit)
    _fp_digits                               0x080034f9   Thumb Code   344  printfa.o(i._fp_digits)
    i._fp_digits                             0x080034f8   Section        0  printfa.o(i._fp_digits)
    _printf_core                             0x0800366d   Thumb Code  1754  printfa.o(i._printf_core)
    i._printf_core                           0x0800366c   Section        0  printfa.o(i._printf_core)
    _printf_post_padding                     0x08003d59   Thumb Code    32  printfa.o(i._printf_post_padding)
    i._printf_post_padding                   0x08003d58   Section        0  printfa.o(i._printf_post_padding)
    _printf_pre_padding                      0x08003d79   Thumb Code    44  printfa.o(i._printf_pre_padding)
    i._printf_pre_padding                    0x08003d78   Section        0  printfa.o(i._printf_pre_padding)
    _snputc                                  0x08003da5   Thumb Code    22  printfa.o(i._snputc)
    i._snputc                                0x08003da4   Section        0  printfa.o(i._snputc)
    i.puts                                   0x08003dbc   Section        0  puts.o(i.puts)
    [Anonymous Symbol]                       0x08003ddc   Section        0  air001xx_hal_rcc.o(.rodata..L__const.HAL_RCC_GetSysClockFreq.hsiValue)
    .data                                    0x200000c0   Section        4  stdout.o(.data)
    STACK                                    0x200004e0   Section     1024  startup_air001_dev.o(STACK)

    Global Symbols

    Symbol Name                              Value     Ov Type        Size  Object(Section)

    BuildAttributes$$THM_ISAv3M$S$PE$A:L22$X:L11$S22$IEEE1$IW$~IW$USESV6$~STKCKD$USESV7$~SHL$OTIME$ROPI$EBA8$MICROLIB$REQ8$PRES8$EABIv2 0x00000000   Number         0  anon$$obj.o ABSOLUTE
    _printf_a                                0x00000000   Number         0  printfstubs.o ABSOLUTE
    _printf_c                                0x00000000   Number         0  printfstubs.o ABSOLUTE
    _printf_charcount                        0x00000000   Number         0  printfstubs.o ABSOLUTE
    _printf_d                                0x00000000   Number         0  printfstubs.o ABSOLUTE
    _printf_e                                0x00000000   Number         0  printfstubs.o ABSOLUTE
    _printf_f                                0x00000000   Number         0  printfstubs.o ABSOLUTE
    _printf_flags                            0x00000000   Number         0  printfstubs.o ABSOLUTE
    _printf_fp_dec                           0x00000000   Number         0  printfstubs.o ABSOLUTE
    _printf_fp_hex                           0x00000000   Number         0  printfstubs.o ABSOLUTE
    _printf_g                                0x00000000   Number         0  printfstubs.o ABSOLUTE
    _printf_i                                0x00000000   Number         0  printfstubs.o ABSOLUTE
    _printf_int_dec                          0x00000000   Number         0  printfstubs.o ABSOLUTE
    _printf_l                                0x00000000   Number         0  printfstubs.o ABSOLUTE
    _printf_lc                               0x00000000   Number         0  printfstubs.o ABSOLUTE
    _printf_ll                               0x00000000   Number         0  printfstubs.o ABSOLUTE
    _printf_lld                              0x00000000   Number         0  printfstubs.o ABSOLUTE
    _printf_lli                              0x00000000   Number         0  printfstubs.o ABSOLUTE
    _printf_llo                              0x00000000   Number         0  printfstubs.o ABSOLUTE
    _printf_llu                              0x00000000   Number         0  printfstubs.o ABSOLUTE
    _printf_llx                              0x00000000   Number         0  printfstubs.o ABSOLUTE
    _printf_longlong_dec                     0x00000000   Number         0  printfstubs.o ABSOLUTE
    _printf_longlong_hex                     0x00000000   Number         0  printfstubs.o ABSOLUTE
    _printf_longlong_oct                     0x00000000   Number         0  printfstubs.o ABSOLUTE
    _printf_ls                               0x00000000   Number         0  printfstubs.o ABSOLUTE
    _printf_mbtowc                           0x00000000   Number         0  printfstubs.o ABSOLUTE
    _printf_n                                0x00000000   Number         0  printfstubs.o ABSOLUTE
    _printf_o                                0x00000000   Number         0  printfstubs.o ABSOLUTE
    _printf_p                                0x00000000   Number         0  printfstubs.o ABSOLUTE
    _printf_percent                          0x00000000   Number         0  printfstubs.o ABSOLUTE
    _printf_pre_padding                      0x00000000   Number         0  printfstubs.o ABSOLUTE
    _printf_return_value                     0x00000000   Number         0  printfstubs.o ABSOLUTE
    _printf_s                                0x00000000   Number         0  printfstubs.o ABSOLUTE
    _printf_sizespec                         0x00000000   Number         0  printfstubs.o ABSOLUTE
    _printf_str                              0x00000000   Number         0  printfstubs.o ABSOLUTE
    _printf_truncate_signed                  0x00000000   Number         0  printfstubs.o ABSOLUTE
    _printf_truncate_unsigned                0x00000000   Number         0  printfstubs.o ABSOLUTE
    _printf_u                                0x00000000   Number         0  printfstubs.o ABSOLUTE
    _printf_wc                               0x00000000   Number         0  printfstubs.o ABSOLUTE
    _printf_wctomb                           0x00000000   Number         0  printfstubs.o ABSOLUTE
    _printf_widthprec                        0x00000000   Number         0  printfstubs.o ABSOLUTE
    _printf_x                                0x00000000   Number         0  printfstubs.o ABSOLUTE
    __cpp_initialize__aeabi_                  - Undefined Weak Reference
    __cxa_finalize                            - Undefined Weak Reference
    __decompress                              - Undefined Weak Reference
    _clock_init                               - Undefined Weak Reference
    _microlib_exit                            - Undefined Weak Reference
    __Vectors_Size                           0x000000c0   Number         0  startup_air001_dev.o ABSOLUTE
    __Vectors                                0x08000000   Data           4  startup_air001_dev.o(RESET)
    __Vectors_End                            0x080000c0   Data           0  startup_air001_dev.o(RESET)
    __main                                   0x080000c1   Thumb Code     0  entry.o(.ARM.Collect$$$$00000000)
    _main_stk                                0x080000c1   Thumb Code     0  entry2.o(.ARM.Collect$$$$00000001)
    _main_scatterload                        0x080000c5   Thumb Code     0  entry5.o(.ARM.Collect$$$$00000004)
    __main_after_scatterload                 0x080000c9   Thumb Code     0  entry5.o(.ARM.Collect$$$$00000004)
    _main_clock                              0x080000c9   Thumb Code     0  entry7b.o(.ARM.Collect$$$$00000008)
    _main_cpp_init                           0x080000c9   Thumb Code     0  entry8b.o(.ARM.Collect$$$$0000000A)
    _main_init                               0x080000c9   Thumb Code     0  entry9a.o(.ARM.Collect$$$$0000000B)
    __rt_final_cpp                           0x080000d1   Thumb Code     0  entry10a.o(.ARM.Collect$$$$0000000D)
    __rt_final_exit                          0x080000d1   Thumb Code     0  entry11a.o(.ARM.Collect$$$$0000000F)
    Reset_Handler                            0x080000d5   Thumb Code     8  startup_air001_dev.o(.text)
    ADC_COMP_IRQHandler                      0x080000e7   Thumb Code     0  startup_air001_dev.o(.text)
    EXTI0_1_IRQHandler                       0x080000e7   Thumb Code     0  startup_air001_dev.o(.text)
    EXTI2_3_IRQHandler                       0x080000e7   Thumb Code     0  startup_air001_dev.o(.text)
    EXTI4_15_IRQHandler                      0x080000e7   Thumb Code     0  startup_air001_dev.o(.text)
    FLASH_IRQHandler                         0x080000e7   Thumb Code     0  startup_air001_dev.o(.text)
    I2C1_IRQHandler                          0x080000e7   Thumb Code     0  startup_air001_dev.o(.text)
    LED_IRQHandler                           0x080000e7   Thumb Code     0  startup_air001_dev.o(.text)
    LPTIM1_IRQHandler                        0x080000e7   Thumb Code     0  startup_air001_dev.o(.text)
    PVD_IRQHandler                           0x080000e7   Thumb Code     0  startup_air001_dev.o(.text)
    RCC_IRQHandler                           0x080000e7   Thumb Code     0  startup_air001_dev.o(.text)
    RTC_IRQHandler                           0x080000e7   Thumb Code     0  startup_air001_dev.o(.text)
    SPI1_IRQHandler                          0x080000e7   Thumb Code     0  startup_air001_dev.o(.text)
    SPI2_IRQHandler                          0x080000e7   Thumb Code     0  startup_air001_dev.o(.text)
    TIM14_IRQHandler                         0x080000e7   Thumb Code     0  startup_air001_dev.o(.text)
    TIM16_IRQHandler                         0x080000e7   Thumb Code     0  startup_air001_dev.o(.text)
    TIM17_IRQHandler                         0x080000e7   Thumb Code     0  startup_air001_dev.o(.text)
    TIM1_CC_IRQHandler                       0x080000e7   Thumb Code     0  startup_air001_dev.o(.text)
    TIM3_IRQHandler                          0x080000e7   Thumb Code     0  startup_air001_dev.o(.text)
    WWDG_IRQHandler                          0x080000e7   Thumb Code     0  startup_air001_dev.o(.text)
    __aeabi_memcpy                           0x080000f1   Thumb Code    36  memcpya.o(.text)
    __aeabi_memcpy4                          0x080000f1   Thumb Code     0  memcpya.o(.text)
    __aeabi_memcpy8                          0x080000f1   Thumb Code     0  memcpya.o(.text)
    __aeabi_memset                           0x08000115   Thumb Code    14  memseta.o(.text)
    __aeabi_memset4                          0x08000115   Thumb Code     0  memseta.o(.text)
    __aeabi_memset8                          0x08000115   Thumb Code     0  memseta.o(.text)
    __aeabi_memclr                           0x08000123   Thumb Code     4  memseta.o(.text)
    __aeabi_memclr4                          0x08000123   Thumb Code     0  memseta.o(.text)
    __aeabi_memclr8                          0x08000123   Thumb Code     0  memseta.o(.text)
    _memset$wrapper                          0x08000127   Thumb Code    18  memseta.o(.text)
    __aeabi_dadd                             0x08000139   Thumb Code   328  dadd.o(.text)
    __aeabi_dsub                             0x08000281   Thumb Code    12  dadd.o(.text)
    __aeabi_drsub                            0x0800028d   Thumb Code    12  dadd.o(.text)
    __aeabi_dmul                             0x0800029d   Thumb Code   202  dmul.o(.text)
    __aeabi_ddiv                             0x0800036d   Thumb Code   234  ddiv.o(.text)
    __aeabi_ui2f                             0x0800045d   Thumb Code    14  ffltui.o(.text)
    __aeabi_ui2d                             0x0800046d   Thumb Code    24  dfltui.o(.text)
    __aeabi_f2uiz                            0x08000489   Thumb Code    40  ffixui.o(.text)
    __aeabi_d2uiz                            0x080004b1   Thumb Code    50  dfixui.o(.text)
    __aeabi_f2d                              0x080004ed   Thumb Code    40  f2d.o(.text)
    __aeabi_uidiv                            0x08000515   Thumb Code     0  uidiv_div0.o(.text)
    __aeabi_uidivmod                         0x08000515   Thumb Code    62  uidiv_div0.o(.text)
    __aeabi_uldivmod                         0x08000553   Thumb Code    96  uldiv.o(.text)
    __aeabi_llsl                             0x080005b3   Thumb Code    32  llshl.o(.text)
    _ll_shift_l                              0x080005b3   Thumb Code     0  llshl.o(.text)
    __aeabi_llsr                             0x080005d3   Thumb Code    34  llushr.o(.text)
    _ll_ushift_r                             0x080005d3   Thumb Code     0  llushr.o(.text)
    __aeabi_lasr                             0x080005f5   Thumb Code    38  llsshr.o(.text)
    _ll_sshift_r                             0x080005f5   Thumb Code     0  llsshr.o(.text)
    __I$use$fp                               0x0800061b   Thumb Code     0  iusefp.o(.text)
    _float_round                             0x0800061b   Thumb Code    16  fepilogue.o(.text)
    _float_epilogue                          0x0800062b   Thumb Code   114  fepilogue.o(.text)
    _double_round                            0x0800069d   Thumb Code    26  depilogue.o(.text)
    _double_epilogue                         0x080006b7   Thumb Code   164  depilogue.o(.text)
    __aeabi_d2ulz                            0x0800075d   Thumb Code    54  dfixul.o(.text)
    __aeabi_cdrcmple                         0x0800079d   Thumb Code    38  cdrcmple.o(.text)
    __scatterload                            0x080007c5   Thumb Code    28  init.o(.text)
    __scatterload_rt2                        0x080007c5   Thumb Code     0  init.o(.text)
    main                                     0x080007e9   Thumb Code    36  system_air001xx.o(.text.$Sub$$main)
    ADC1_Init                                0x08000815   Thumb Code   124  adc.o(.text.ADC1_Init)
    CRC_Init                                 0x0800089d   Thumb Code    24  crc.o(.text.CRC_Init)
    CheckSumCrc16                            0x080008bd   Thumb Code    56  usart.o(.text.CheckSumCrc16)
    DMA1_Channel1_IRQHandler                 0x080008fd   Thumb Code    12  air001xx_it.o(.text.DMA1_Channel1_IRQHandler)
    DMA1_Channel2_3_IRQHandler               0x08000909   Thumb Code    12  air001xx_it.o(.text.DMA1_Channel2_3_IRQHandler)
    Error_Handler                            0x0800093f   Thumb Code     2  main.o(.text.Error_Handler)
    GPIO_Init                                0x08000941   Thumb Code   112  gpio.o(.text.GPIO_Init)
    HAL_ADC_Calibration_Start                0x080009b5   Thumb Code   140  air001xx_hal_adc.o(.text.HAL_ADC_Calibration_Start)
    HAL_ADC_ConfigChannel                    0x08000a41   Thumb Code   232  air001xx_hal_adc.o(.text.HAL_ADC_ConfigChannel)
    HAL_ADC_Init                             0x08000b41   Thumb Code   300  air001xx_hal_adc.o(.text.HAL_ADC_Init)
    HAL_ADC_MspInit                          0x08000c75   Thumb Code    88  adc.o(.text.HAL_ADC_MspInit)
    HAL_CRC_Init                             0x08000cd5   Thumb Code    36  air001xx_hal_crc.o(.text.HAL_CRC_Init)
    HAL_CRC_MspInit                          0x08000cf9   Thumb Code    40  crc.o(.text.HAL_CRC_MspInit)
    HAL_DMA_Abort                            0x08000d29   Thumb Code    60  air001xx_hal_dma.o(.text.HAL_DMA_Abort)
    HAL_DMA_Abort_IT                         0x08000d65   Thumb Code    88  air001xx_hal_dma.o(.text.HAL_DMA_Abort_IT)
    HAL_DMA_IRQHandler                       0x08000dbd   Thumb Code   212  air001xx_hal_dma.o(.text.HAL_DMA_IRQHandler)
    HAL_DMA_Init                             0x08000e95   Thumb Code   108  air001xx_hal_dma.o(.text.HAL_DMA_Init)
    HAL_DMA_Start_IT                         0x08000f0d   Thumb Code   100  air001xx_hal_dma.o(.text.HAL_DMA_Start_IT)
    HAL_Delay                                0x08000f71   Thumb Code    32  air001xx_hal.o(.text.HAL_Delay)
    HAL_GPIO_Init                            0x08000f91   Thumb Code   352  air001xx_hal_gpio.o(.text.HAL_GPIO_Init)
    HAL_GPIO_WritePin                        0x08001101   Thumb Code    16  air001xx_hal_gpio.o(.text.HAL_GPIO_WritePin)
    HAL_GetTick                              0x08001111   Thumb Code     8  air001xx_hal.o(.text.HAL_GetTick)
    HAL_IncTick                              0x08001119   Thumb Code    16  air001xx_hal.o(.text.HAL_IncTick)
    HAL_Init                                 0x0800112d   Thumb Code    24  air001xx_hal.o(.text.HAL_Init)
    HAL_InitTick                             0x08001145   Thumb Code    64  air001xx_hal.o(.text.HAL_InitTick)
    HAL_MspInit                              0x08001189   Thumb Code    40  air001xx_hal_msp.o(.text.HAL_MspInit)
    HAL_NVIC_EnableIRQ                       0x080011b5   Thumb Code     8  air001xx_hal_cortex.o(.text.HAL_NVIC_EnableIRQ)
    HAL_NVIC_SetPriority                     0x080011bd   Thumb Code     8  air001xx_hal_cortex.o(.text.HAL_NVIC_SetPriority)
    HAL_RCC_ClockConfig                      0x080011c5   Thumb Code   372  air001xx_hal_rcc.o(.text.HAL_RCC_ClockConfig)
    HAL_RCC_GetHCLKFreq                      0x08001349   Thumb Code     8  air001xx_hal_rcc.o(.text.HAL_RCC_GetHCLKFreq)
    HAL_RCC_GetPCLK1Freq                     0x08001355   Thumb Code    28  air001xx_hal_rcc.o(.text.HAL_RCC_GetPCLK1Freq)
    HAL_RCC_GetSysClockFreq                  0x08001375   Thumb Code   124  air001xx_hal_rcc.o(.text.HAL_RCC_GetSysClockFreq)
    HAL_RCC_OscConfig                        0x08001401   Thumb Code  1088  air001xx_hal_rcc.o(.text.HAL_RCC_OscConfig)
    HAL_SYSCFG_DMA_Req                       0x08001861   Thumb Code    12  air001xx_hal.o(.text.HAL_SYSCFG_DMA_Req)
    HAL_SYSTICK_Config                       0x08001871   Thumb Code     8  air001xx_hal_cortex.o(.text.HAL_SYSTICK_Config)
    HAL_TIMEx_ConfigBreakDeadTime            0x08001879   Thumb Code    90  air001xx_hal_tim_ex.o(.text.HAL_TIMEx_ConfigBreakDeadTime)
    HAL_TIMEx_MasterConfigSynchronization    0x080018d5   Thumb Code    72  air001xx_hal_tim_ex.o(.text.HAL_TIMEx_MasterConfigSynchronization)
    HAL_TIM_Base_Init                        0x08001921   Thumb Code    52  air001xx_hal_tim.o(.text.HAL_TIM_Base_Init)
    HAL_TIM_Base_MspInit                     0x08001955   Thumb Code    40  tim.o(.text.HAL_TIM_Base_MspInit)
    HAL_TIM_ConfigClockSource                0x08001981   Thumb Code   204  air001xx_hal_tim.o(.text.HAL_TIM_ConfigClockSource)
    HAL_TIM_GenerateEvent                    0x08001a51   Thumb Code    34  air001xx_hal_tim.o(.text.HAL_TIM_GenerateEvent)
    HAL_TIM_MspPostInit                      0x08001a75   Thumb Code    88  tim.o(.text.HAL_TIM_MspPostInit)
    HAL_TIM_PWM_ConfigChannel                0x08001ad5   Thumb Code   196  air001xx_hal_tim.o(.text.HAL_TIM_PWM_ConfigChannel)
    HAL_TIM_PWM_Init                         0x08001b99   Thumb Code    52  air001xx_hal_tim.o(.text.HAL_TIM_PWM_Init)
    HAL_TIM_PWM_MspInit                      0x08001bcd   Thumb Code     2  air001xx_hal_tim.o(.text.HAL_TIM_PWM_MspInit)
    HAL_TIM_PWM_Start                        0x08001bd1   Thumb Code    64  air001xx_hal_tim.o(.text.HAL_TIM_PWM_Start)
    HAL_TIM_PWM_Stop                         0x08001c11   Thumb Code    92  air001xx_hal_tim.o(.text.HAL_TIM_PWM_Stop)
    HAL_UART_DMAStop                         0x08001c81   Thumb Code    90  air001xx_hal_uart.o(.text.HAL_UART_DMAStop)
    HAL_UART_ErrorCallback                   0x08001cdb   Thumb Code     2  air001xx_hal_uart.o(.text.HAL_UART_ErrorCallback)
    HAL_UART_GetState                        0x08001cdd   Thumb Code    14  air001xx_hal_uart.o(.text.HAL_UART_GetState)
    HAL_UART_IRQHandler                      0x08001ced   Thumb Code   260  air001xx_hal_uart.o(.text.HAL_UART_IRQHandler)
    HAL_UART_Init                            0x08001df5   Thumb Code   108  air001xx_hal_uart.o(.text.HAL_UART_Init)
    HAL_UART_MspInit                         0x08001e61   Thumb Code   252  usart.o(.text.HAL_UART_MspInit)
    HAL_UART_Receive_DMA                     0x08001f6d   Thumb Code   152  air001xx_hal_uart.o(.text.HAL_UART_Receive_DMA)
    HAL_UART_RxCpltCallback                  0x0800200d   Thumb Code     2  usart.o(.text.HAL_UART_RxCpltCallback)
    HAL_UART_RxHalfCpltCallback              0x0800200f   Thumb Code     2  air001xx_hal_uart.o(.text.HAL_UART_RxHalfCpltCallback)
    HAL_UART_Transmit                        0x08002011   Thumb Code   232  air001xx_hal_uart.o(.text.HAL_UART_Transmit)
    HAL_UART_Transmit_DMA                    0x080020fd   Thumb Code   112  air001xx_hal_uart.o(.text.HAL_UART_Transmit_DMA)
    HAL_UART_TxCpltCallback                  0x08002179   Thumb Code    44  usart.o(.text.HAL_UART_TxCpltCallback)
    HAL_UART_TxHalfCpltCallback              0x080021b9   Thumb Code     2  air001xx_hal_uart.o(.text.HAL_UART_TxHalfCpltCallback)
    HardFault_Handler                        0x080021bb   Thumb Code     2  air001xx_it.o(.text.HardFault_Handler)
    NMI_Handler                              0x080021bd   Thumb Code     2  air001xx_it.o(.text.NMI_Handler)
    PendSV_Handler                           0x08002215   Thumb Code     2  air001xx_it.o(.text.PendSV_Handler)
    SVC_Handler                              0x0800222d   Thumb Code     2  air001xx_it.o(.text.SVC_Handler)
    SysTick_Handler                          0x08002259   Thumb Code     8  air001xx_it.o(.text.SysTick_Handler)
    SystemInit                               0x080022c1   Thumb Code    32  system_air001xx.o(.text.SystemInit)
    TIM1_BRK_UP_TRG_COM_IRQHandler           0x080022f1   Thumb Code     2  air001xx_it.o(.text.TIM1_BRK_UP_TRG_COM_IRQHandler)
    TIM1_Init                                0x080022f5   Thumb Code   216  tim.o(.text.TIM1_Init)
    TIM_Base_SetConfig                       0x080023d9   Thumb Code   124  air001xx_hal_tim.o(.text.TIM_Base_SetConfig)
    TIM_CCxChannelCmd                        0x08002461   Thumb Code    26  air001xx_hal_tim.o(.text.TIM_CCxChannelCmd)
    TIM_ETR_SetConfig                        0x0800247b   Thumb Code    22  air001xx_hal_tim.o(.text.TIM_ETR_SetConfig)
    TIM_OC2_SetConfig                        0x0800251d   Thumb Code   120  air001xx_hal_tim.o(.text.TIM_OC2_SetConfig)
    UART2_TX_DMA_Send                        0x080026c1   Thumb Code   192  usart.o(.text.UART2_TX_DMA_Send)
    USART1_IRQHandler                        0x08002b0d   Thumb Code    12  air001xx_it.o(.text.USART1_IRQHandler)
    USART2_IRQHandler                        0x08002b19   Thumb Code   140  air001xx_it.o(.text.USART2_IRQHandler)
    USART2_UART_Init                         0x08002bb9   Thumb Code    68  usart.o(.text.USART2_UART_Init)
    UnpackReceivedData                       0x08002c01   Thumb Code   332  usart.o(.text.UnpackReceivedData)
    delay_us                                 0x08002d9d   Thumb Code    88  shockmodule.o(.text.delay_us)
    dmaUartGetAppControl                     0x08002dfd   Thumb Code   108  main.o(.text.dmaUartGetAppControl)
    dma_printf                               0x08002e89   Thumb Code    52  usart.o(.text.dma_printf)
    doubleMap                                0x08002ec5   Thumb Code    84  shockmodule.o(.text.doubleMap)
    fputc                                    0x08002f19   Thumb Code    28  air001_core_board.o(.text.fputc)
    $Super$$main                             0x08002f39   Thumb Code   140  main.o(.text.main)
    pwmCalculatePSC_ARR                      0x08002fed   Thumb Code    60  shockmodule.o(.text.pwmCalculatePSC_ARR)
    shockAllInit                             0x08003071   Thumb Code    32  shockmodule.o(.text.shockAllInit)
    shockBoostSetDuty                        0x08003091   Thumb Code   228  shockmodule.o(.text.shockBoostSetDuty)
    shockBoostSetFreq                        0x08003179   Thumb Code   100  shockmodule.o(.text.shockBoostSetFreq)
    shockBoostVol                            0x08003209   Thumb Code    56  shockmodule.o(.text.shockBoostVol)
    shockConstConfig                         0x08003241   Thumb Code    28  shockmodule.o(.text.shockConstConfig)
    shockIOPinConfig                         0x08003265   Thumb Code    24  shockmodule.o(.text.shockIOPinConfig)
    shockParameterUnpacking                  0x08003281   Thumb Code   176  shockmodule.o(.text.shockParameterUnpacking)
    shockPluseSenseSet                       0x080033bd   Thumb Code    16  shockmodule.o(.text.shockPluseSenseSet)
    shockPulseSenseUnit                      0x080033cd   Thumb Code    70  shockmodule.o(.text.shockPulseSenseUnit)
    shockTriggerAC                           0x08003415   Thumb Code    68  shockmodule.o(.text.shockTriggerAC)
    __0printf                                0x0800345d   Thumb Code    24  printfa.o(i.__0printf)
    __1printf                                0x0800345d   Thumb Code     0  printfa.o(i.__0printf)
    __2printf                                0x0800345d   Thumb Code     0  printfa.o(i.__0printf)
    __c89printf                              0x0800345d   Thumb Code     0  printfa.o(i.__0printf)
    printf                                   0x0800345d   Thumb Code     0  printfa.o(i.__0printf)
    __0vsnprintf                             0x0800347d   Thumb Code    44  printfa.o(i.__0vsnprintf)
    __1vsnprintf                             0x0800347d   Thumb Code     0  printfa.o(i.__0vsnprintf)
    __2vsnprintf                             0x0800347d   Thumb Code     0  printfa.o(i.__0vsnprintf)
    __c89vsnprintf                           0x0800347d   Thumb Code     0  printfa.o(i.__0vsnprintf)
    vsnprintf                                0x0800347d   Thumb Code     0  printfa.o(i.__0vsnprintf)
    __ARM_clz                                0x080034ad   Thumb Code    46  depilogue.o(i.__ARM_clz)
    __scatterload_copy                       0x080034db   Thumb Code    14  handlers.o(i.__scatterload_copy)
    __scatterload_null                       0x080034e9   Thumb Code     2  handlers.o(i.__scatterload_null)
    __scatterload_zeroinit                   0x080034eb   Thumb Code    14  handlers.o(i.__scatterload_zeroinit)
    puts                                     0x08003dbd   Thumb Code    28  puts.o(i.puts)
    AHBPrescTable                            0x08003df0   Data          64  system_air001xx.o(.rodata.AHBPrescTable)
    APBPrescTable                            0x08003e30   Data          32  system_air001xx.o(.rodata.APBPrescTable)
    HSIFreqTable                             0x08003e50   Data          32  system_air001xx.o(.rodata.HSIFreqTable)
    Region$$Table$$Base                      0x08003e70   Number         0  anon$$obj.o(Region$$Table)
    Region$$Table$$Limit                     0x08003e90   Number         0  anon$$obj.o(Region$$Table)
    VECT_SRAM_TAB                            0x20000000   Data         192  system_air001xx.o(.ARM.__at_0x20000000)
    __stdout                                 0x200000c0   Data           4  stdout.o(.data)
    FrameEnd                                 0x200000c4   Data           3  usart.o(.data.FrameEnd)
    FrameEndSize                             0x200000c7   Data           1  usart.o(.data.FrameEndSize)
    FrameHeader                              0x200000c8   Data           3  usart.o(.data.FrameHeader)
    FrameHeaderSize                          0x200000cb   Data           1  usart.o(.data.FrameHeaderSize)
    SystemCoreClock                          0x200000cc   Data           4  system_air001xx.o(.data.SystemCoreClock)
    usart2_trans_end_flag                    0x200000d0   Data           1  usart.o(.data.usart2_trans_end_flag)
    uwTickFreq                               0x200000d4   Data           4  air001xx_hal.o(.data.uwTickFreq)
    uwTickPrio                               0x200000d8   Data           4  air001xx_hal.o(.data.uwTickPrio)
    DebugUartHandle                          0x200000e0   Data          76  air001_core_board.o(.bss.DebugUartHandle)
    hadc1                                    0x2000012c   Data          64  adc.o(.bss.hadc1)
    hcrc                                     0x2000016c   Data           8  crc.o(.bss.hcrc)
    hdma_usart2_rx                           0x20000174   Data          68  usart.o(.bss.hdma_usart2_rx)
    hdma_usart2_tx                           0x200001b8   Data          68  usart.o(.bss.hdma_usart2_tx)
    htim1                                    0x200001fc   Data          64  tim.o(.bss.htim1)
    huart1                                   0x2000023c   Data          76  usart.o(.bss.huart1)
    huart2                                   0x20000288   Data          76  usart.o(.bss.huart2)
    usart2_recv_end_flag                     0x200002d4   Data           1  usart.o(.bss.usart2_recv_end_flag)
    usart2_rx_buffer                         0x200002d5   Data         256  usart.o(.bss.usart2_rx_buffer)
    usart2_rx_len                            0x200003d5   Data           1  usart.o(.bss.usart2_rx_len)
    usart2_tx_buffer                         0x200003d6   Data         256  usart.o(.bss.usart2_tx_buffer)
    uwTick                                   0x200004d8   Data           4  air001xx_hal.o(.bss.uwTick)
    __initial_sp                             0x200008e0   Data           0  startup_air001_dev.o(STACK)



==============================================================================

Memory Map of the image

  Image Entry point : 0x080000c1

  Load Region LR_IROM1 (Base: 0x08000000, Size: 0x00003f70, Max: 0x00008000, ABSOLUTE)

    Execution Region ER_IROM1 (Exec base: 0x08000000, Load base: 0x08000000, Size: 0x00003e90, Max: 0x00008000, ABSOLUTE)

    Exec Addr    Load Addr    Size         Type   Attr      Idx    E Section Name        Object

    0x08000000   0x08000000   0x000000c0   Data   RO            3    RESET               startup_air001_dev.o
    0x080000c0   0x080000c0   0x00000000   Code   RO         1169  * .ARM.Collect$$$$00000000  mc_p.l(entry.o)
    0x080000c0   0x080000c0   0x00000004   Code   RO         1471    .ARM.Collect$$$$00000001  mc_p.l(entry2.o)
    0x080000c4   0x080000c4   0x00000004   Code   RO         1474    .ARM.Collect$$$$00000004  mc_p.l(entry5.o)
    0x080000c8   0x080000c8   0x00000000   Code   RO         1476    .ARM.Collect$$$$00000008  mc_p.l(entry7b.o)
    0x080000c8   0x080000c8   0x00000000   Code   RO         1478    .ARM.Collect$$$$0000000A  mc_p.l(entry8b.o)
    0x080000c8   0x080000c8   0x00000008   Code   RO         1479    .ARM.Collect$$$$0000000B  mc_p.l(entry9a.o)
    0x080000d0   0x080000d0   0x00000000   Code   RO         1481    .ARM.Collect$$$$0000000D  mc_p.l(entry10a.o)
    0x080000d0   0x080000d0   0x00000000   Code   RO         1483    .ARM.Collect$$$$0000000F  mc_p.l(entry11a.o)
    0x080000d0   0x080000d0   0x00000004   Code   RO         1472    .ARM.Collect$$$$00002712  mc_p.l(entry2.o)
    0x080000d4   0x080000d4   0x0000001c   Code   RO            4    .text               startup_air001_dev.o
    0x080000f0   0x080000f0   0x00000024   Code   RO         1184    .text               mc_p.l(memcpya.o)
    0x08000114   0x08000114   0x00000024   Code   RO         1186    .text               mc_p.l(memseta.o)
    0x08000138   0x08000138   0x00000164   Code   RO         1451    .text               mf_p.l(dadd.o)
    0x0800029c   0x0800029c   0x000000d0   Code   RO         1453    .text               mf_p.l(dmul.o)
    0x0800036c   0x0800036c   0x000000f0   Code   RO         1455    .text               mf_p.l(ddiv.o)
    0x0800045c   0x0800045c   0x0000000e   Code   RO         1457    .text               mf_p.l(ffltui.o)
    0x0800046a   0x0800046a   0x00000002   PAD
    0x0800046c   0x0800046c   0x0000001c   Code   RO         1461    .text               mf_p.l(dfltui.o)
    0x08000488   0x08000488   0x00000028   Code   RO         1463    .text               mf_p.l(ffixui.o)
    0x080004b0   0x080004b0   0x0000003c   Code   RO         1467    .text               mf_p.l(dfixui.o)
    0x080004ec   0x080004ec   0x00000028   Code   RO         1469    .text               mf_p.l(f2d.o)
    0x08000514   0x08000514   0x0000003e   Code   RO         1490    .text               mc_p.l(uidiv_div0.o)
    0x08000552   0x08000552   0x00000060   Code   RO         1496    .text               mc_p.l(uldiv.o)
    0x080005b2   0x080005b2   0x00000020   Code   RO         1498    .text               mc_p.l(llshl.o)
    0x080005d2   0x080005d2   0x00000022   Code   RO         1500    .text               mc_p.l(llushr.o)
    0x080005f4   0x080005f4   0x00000026   Code   RO         1502    .text               mc_p.l(llsshr.o)
    0x0800061a   0x0800061a   0x00000000   Code   RO         1504    .text               mc_p.l(iusefp.o)
    0x0800061a   0x0800061a   0x00000082   Code   RO         1505    .text               mf_p.l(fepilogue.o)
    0x0800069c   0x0800069c   0x000000be   Code   RO         1507    .text               mf_p.l(depilogue.o)
    0x0800075a   0x0800075a   0x00000002   PAD
    0x0800075c   0x0800075c   0x00000040   Code   RO         1511    .text               mf_p.l(dfixul.o)
    0x0800079c   0x0800079c   0x00000028   Code   RO         1513    .text               mf_p.l(cdrcmple.o)
    0x080007c4   0x080007c4   0x00000024   Code   RO         1515    .text               mc_p.l(init.o)
    0x080007e8   0x080007e8   0x0000002c   Code   RO           15    .text.$Sub$$main    system_air001xx.o
    0x08000814   0x08000814   0x00000088   Code   RO          225    .text.ADC1_Init     adc.o
    0x0800089c   0x0800089c   0x00000020   Code   RO           66    .text.CRC_Init      crc.o
    0x080008bc   0x080008bc   0x00000040   Code   RO          111    .text.CheckSumCrc16  usart.o
    0x080008fc   0x080008fc   0x0000000c   Code   RO          151    .text.DMA1_Channel1_IRQHandler  air001xx_it.o
    0x08000908   0x08000908   0x00000010   Code   RO          153    .text.DMA1_Channel2_3_IRQHandler  air001xx_it.o
    0x08000918   0x08000918   0x00000026   Code   RO          881    .text.DMA_SetConfig  air001xx_hal_dma.o
    0x0800093e   0x0800093e   0x00000002   Code   RO           32    .text.Error_Handler  main.o
    0x08000940   0x08000940   0x00000074   Code   RO           58    .text.GPIO_Init     gpio.o
    0x080009b4   0x080009b4   0x0000008c   Code   RO          864    .text.HAL_ADC_Calibration_Start  air001xx_hal_adc.o
    0x08000a40   0x08000a40   0x00000100   Code   RO          852    .text.HAL_ADC_ConfigChannel  air001xx_hal_adc.o
    0x08000b40   0x08000b40   0x00000134   Code   RO          804    .text.HAL_ADC_Init  air001xx_hal_adc.o
    0x08000c74   0x08000c74   0x00000060   Code   RO          227    .text.HAL_ADC_MspInit  adc.o
    0x08000cd4   0x08000cd4   0x00000024   Code   RO         1148    .text.HAL_CRC_Init  air001xx_hal_crc.o
    0x08000cf8   0x08000cf8   0x00000030   Code   RO           68    .text.HAL_CRC_MspInit  crc.o
    0x08000d28   0x08000d28   0x0000003c   Code   RO          885    .text.HAL_DMA_Abort  air001xx_hal_dma.o
    0x08000d64   0x08000d64   0x00000058   Code   RO          887    .text.HAL_DMA_Abort_IT  air001xx_hal_dma.o
    0x08000dbc   0x08000dbc   0x000000d8   Code   RO          891    .text.HAL_DMA_IRQHandler  air001xx_hal_dma.o
    0x08000e94   0x08000e94   0x00000078   Code   RO          875    .text.HAL_DMA_Init  air001xx_hal_dma.o
    0x08000f0c   0x08000f0c   0x00000064   Code   RO          883    .text.HAL_DMA_Start_IT  air001xx_hal_dma.o
    0x08000f70   0x08000f70   0x00000020   Code   RO          298    .text.HAL_Delay     air001xx_hal.o
    0x08000f90   0x08000f90   0x00000170   Code   RO          454    .text.HAL_GPIO_Init  air001xx_hal_gpio.o
    0x08001100   0x08001100   0x00000010   Code   RO          460    .text.HAL_GPIO_WritePin  air001xx_hal_gpio.o
    0x08001110   0x08001110   0x00000008   Code   RO          290    .text.HAL_GetTick   air001xx_hal.o
    0x08001118   0x08001118   0x00000014   Code   RO          288    .text.HAL_IncTick   air001xx_hal.o
    0x0800112c   0x0800112c   0x00000018   Code   RO          278    .text.HAL_Init      air001xx_hal.o
    0x08001144   0x08001144   0x00000044   Code   RO          280    .text.HAL_InitTick  air001xx_hal.o
    0x08001188   0x08001188   0x0000002c   Code   RO          169    .text.HAL_MspInit   air001xx_hal_msp.o
    0x080011b4   0x080011b4   0x00000008   Code   RO         1073    .text.HAL_NVIC_EnableIRQ  air001xx_hal_cortex.o
    0x080011bc   0x080011bc   0x00000008   Code   RO         1069    .text.HAL_NVIC_SetPriority  air001xx_hal_cortex.o
    0x080011c4   0x080011c4   0x00000184   Code   RO          341    .text.HAL_RCC_ClockConfig  air001xx_hal_rcc.o
    0x08001348   0x08001348   0x0000000c   Code   RO          345    .text.HAL_RCC_GetHCLKFreq  air001xx_hal_rcc.o
    0x08001354   0x08001354   0x00000020   Code   RO          347    .text.HAL_RCC_GetPCLK1Freq  air001xx_hal_rcc.o
    0x08001374   0x08001374   0x0000008c   Code   RO          337    .text.HAL_RCC_GetSysClockFreq  air001xx_hal_rcc.o
    0x08001400   0x08001400   0x00000460   Code   RO          335    .text.HAL_RCC_OscConfig  air001xx_hal_rcc.o
    0x08001860   0x08001860   0x00000010   Code   RO          320    .text.HAL_SYSCFG_DMA_Req  air001xx_hal.o
    0x08001870   0x08001870   0x00000008   Code   RO         1085    .text.HAL_SYSTICK_Config  air001xx_hal_cortex.o
    0x08001878   0x08001878   0x0000005a   Code   RO          784    .text.HAL_TIMEx_ConfigBreakDeadTime  air001xx_hal_tim_ex.o
    0x080018d2   0x080018d2   0x00000002   PAD
    0x080018d4   0x080018d4   0x0000004c   Code   RO          782    .text.HAL_TIMEx_MasterConfigSynchronization  air001xx_hal_tim_ex.o
    0x08001920   0x08001920   0x00000034   Code   RO          478    .text.HAL_TIM_Base_Init  air001xx_hal_tim.o
    0x08001954   0x08001954   0x0000002c   Code   RO           86    .text.HAL_TIM_Base_MspInit  tim.o
    0x08001980   0x08001980   0x000000d0   Code   RO          670    .text.HAL_TIM_ConfigClockSource  air001xx_hal_tim.o
    0x08001a50   0x08001a50   0x00000022   Code   RO          664    .text.HAL_TIM_GenerateEvent  air001xx_hal_tim.o
    0x08001a72   0x08001a72   0x00000002   PAD
    0x08001a74   0x08001a74   0x00000060   Code   RO           84    .text.HAL_TIM_MspPostInit  tim.o
    0x08001ad4   0x08001ad4   0x000000c4   Code   RO          644    .text.HAL_TIM_PWM_ConfigChannel  air001xx_hal_tim.o
    0x08001b98   0x08001b98   0x00000034   Code   RO          532    .text.HAL_TIM_PWM_Init  air001xx_hal_tim.o
    0x08001bcc   0x08001bcc   0x00000002   Code   RO          534    .text.HAL_TIM_PWM_MspInit  air001xx_hal_tim.o
    0x08001bce   0x08001bce   0x00000002   PAD
    0x08001bd0   0x08001bd0   0x00000040   Code   RO          540    .text.HAL_TIM_PWM_Start  air001xx_hal_tim.o
    0x08001c10   0x08001c10   0x00000070   Code   RO          542    .text.HAL_TIM_PWM_Stop  air001xx_hal_tim.o
    0x08001c80   0x08001c80   0x0000005a   Code   RO          995    .text.HAL_UART_DMAStop  air001xx_hal_uart.o
    0x08001cda   0x08001cda   0x00000002   Code   RO         1033    .text.HAL_UART_ErrorCallback  air001xx_hal_uart.o
    0x08001cdc   0x08001cdc   0x0000000e   Code   RO         1057    .text.HAL_UART_GetState  air001xx_hal_uart.o
    0x08001cea   0x08001cea   0x00000002   PAD
    0x08001cec   0x08001cec   0x00000108   Code   RO         1027    .text.HAL_UART_IRQHandler  air001xx_hal_uart.o
    0x08001df4   0x08001df4   0x0000006c   Code   RO          951    .text.HAL_UART_Init  air001xx_hal_uart.o
    0x08001e60   0x08001e60   0x0000010c   Code   RO          101    .text.HAL_UART_MspInit  usart.o
    0x08001f6c   0x08001f6c   0x000000a0   Code   RO          985    .text.HAL_UART_Receive_DMA  air001xx_hal_uart.o
    0x0800200c   0x0800200c   0x00000002   Code   RO          109    .text.HAL_UART_RxCpltCallback  usart.o
    0x0800200e   0x0800200e   0x00000002   Code   RO         1045    .text.HAL_UART_RxHalfCpltCallback  air001xx_hal_uart.o
    0x08002010   0x08002010   0x000000ec   Code   RO          967    .text.HAL_UART_Transmit  air001xx_hal_uart.o
    0x080020fc   0x080020fc   0x0000007c   Code   RO          977    .text.HAL_UART_Transmit_DMA  air001xx_hal_uart.o
    0x08002178   0x08002178   0x00000040   Code   RO          107    .text.HAL_UART_TxCpltCallback  usart.o
    0x080021b8   0x080021b8   0x00000002   Code   RO         1041    .text.HAL_UART_TxHalfCpltCallback  air001xx_hal_uart.o
    0x080021ba   0x080021ba   0x00000002   Code   RO          141    .text.HardFault_Handler  air001xx_it.o
    0x080021bc   0x080021bc   0x00000002   Code   RO          139    .text.NMI_Handler   air001xx_it.o
    0x080021be   0x080021be   0x00000002   PAD
    0x080021c0   0x080021c0   0x00000014   Code   RO         1075    .text.NVIC_EnableIRQ  air001xx_hal_cortex.o
    0x080021d4   0x080021d4   0x00000040   Code   RO         1071    .text.NVIC_SetPriority  air001xx_hal_cortex.o
    0x08002214   0x08002214   0x00000002   Code   RO          145    .text.PendSV_Handler  air001xx_it.o
    0x08002216   0x08002216   0x00000002   PAD
    0x08002218   0x08002218   0x00000014   Code   RO          339    .text.RCC_GetHSIFreq  air001xx_hal_rcc.o
    0x0800222c   0x0800222c   0x00000002   Code   RO          143    .text.SVC_Handler   air001xx_it.o
    0x0800222e   0x0800222e   0x00000002   PAD
    0x08002230   0x08002230   0x00000028   Code   RO         1087    .text.SysTick_Config  air001xx_hal_cortex.o
    0x08002258   0x08002258   0x00000008   Code   RO          147    .text.SysTick_Handler  air001xx_it.o
    0x08002260   0x08002260   0x00000060   Code   RO           42    .text.SystemClock_Config  main.o
    0x080022c0   0x080022c0   0x00000030   Code   RO           13    .text.SystemInit    system_air001xx.o
    0x080022f0   0x080022f0   0x00000002   Code   RO          149    .text.TIM1_BRK_UP_TRG_COM_IRQHandler  air001xx_it.o
    0x080022f2   0x080022f2   0x00000002   PAD
    0x080022f4   0x080022f4   0x000000e4   Code   RO           82    .text.TIM1_Init     tim.o
    0x080023d8   0x080023d8   0x00000088   Code   RO          482    .text.TIM_Base_SetConfig  air001xx_hal_tim.o
    0x08002460   0x08002460   0x0000001a   Code   RO          516    .text.TIM_CCxChannelCmd  air001xx_hal_tim.o
    0x0800247a   0x0800247a   0x00000016   Code   RO          668    .text.TIM_ETR_SetConfig  air001xx_hal_tim.o
    0x08002490   0x08002490   0x00000010   Code   RO          674    .text.TIM_ITRx_SetConfig  air001xx_hal_tim.o
    0x080024a0   0x080024a0   0x0000007c   Code   RO          626    .text.TIM_OC1_SetConfig  air001xx_hal_tim.o
    0x0800251c   0x0800251c   0x00000078   Code   RO          628    .text.TIM_OC2_SetConfig  air001xx_hal_tim.o
    0x08002594   0x08002594   0x0000007c   Code   RO          630    .text.TIM_OC3_SetConfig  air001xx_hal_tim.o
    0x08002610   0x08002610   0x00000068   Code   RO          632    .text.TIM_OC4_SetConfig  air001xx_hal_tim.o
    0x08002678   0x08002678   0x00000022   Code   RO          672    .text.TIM_TI1_ConfigInputStage  air001xx_hal_tim.o
    0x0800269a   0x0800269a   0x00000026   Code   RO          676    .text.TIM_TI2_ConfigInputStage  air001xx_hal_tim.o
    0x080026c0   0x080026c0   0x0000010c   Code   RO          103    .text.UART2_TX_DMA_Send  usart.o
    0x080027cc   0x080027cc   0x0000002e   Code   RO          957    .text.UART_AdvFeatureConfig  air001xx_hal_uart.o
    0x080027fa   0x080027fa   0x00000010   Code   RO         1031    .text.UART_DMAAbortOnError  air001xx_hal_uart.o
    0x0800280a   0x0800280a   0x0000004e   Code   RO          983    .text.UART_DMAError  air001xx_hal_uart.o
    0x08002858   0x08002858   0x00000038   Code   RO          987    .text.UART_DMAReceiveCplt  air001xx_hal_uart.o
    0x08002890   0x08002890   0x0000000a   Code   RO          989    .text.UART_DMARxHalfCplt  air001xx_hal_uart.o
    0x0800289a   0x0800289a   0x0000002c   Code   RO          979    .text.UART_DMATransmitCplt  air001xx_hal_uart.o
    0x080028c6   0x080028c6   0x0000000a   Code   RO          981    .text.UART_DMATxHalfCplt  air001xx_hal_uart.o
    0x080028d0   0x080028d0   0x0000001c   Code   RO          999    .text.UART_EndRxTransfer  air001xx_hal_uart.o
    0x080028ec   0x080028ec   0x00000018   Code   RO         1037    .text.UART_EndTransmit_IT  air001xx_hal_uart.o
    0x08002904   0x08002904   0x00000012   Code   RO          997    .text.UART_EndTxTransfer  air001xx_hal_uart.o
    0x08002916   0x08002916   0x00000002   PAD
    0x08002918   0x08002918   0x00000068   Code   RO         1029    .text.UART_Receive_IT  air001xx_hal_uart.o
    0x08002980   0x08002980   0x000000c8   Code   RO          955    .text.UART_SetConfig  air001xx_hal_uart.o
    0x08002a48   0x08002a48   0x00000058   Code   RO         1035    .text.UART_Transmit_IT  air001xx_hal_uart.o
    0x08002aa0   0x08002aa0   0x0000006a   Code   RO          969    .text.UART_WaitOnFlagUntilTimeout  air001xx_hal_uart.o
    0x08002b0a   0x08002b0a   0x00000002   PAD
    0x08002b0c   0x08002b0c   0x0000000c   Code   RO          157    .text.USART1_IRQHandler  air001xx_it.o
    0x08002b18   0x08002b18   0x000000a0   Code   RO          159    .text.USART2_IRQHandler  air001xx_it.o
    0x08002bb8   0x08002bb8   0x00000048   Code   RO           99    .text.USART2_UART_Init  usart.o
    0x08002c00   0x08002c00   0x0000019c   Code   RO          115    .text.UnpackReceivedData  usart.o
    0x08002d9c   0x08002d9c   0x00000060   Code   RO          177    .text.delay_us      shockmodule.o
    0x08002dfc   0x08002dfc   0x0000008c   Code   RO           38    .text.dmaUartGetAppControl  main.o
    0x08002e88   0x08002e88   0x0000003c   Code   RO          105    .text.dma_printf    usart.o
    0x08002ec4   0x08002ec4   0x00000054   Code   RO          181    .text.doubleMap     shockmodule.o
    0x08002f18   0x08002f18   0x00000020   Code   RO          260    .text.fputc         air001_core_board.o
    0x08002f38   0x08002f38   0x000000b4   Code   RO           40    .text.main          main.o
    0x08002fec   0x08002fec   0x00000084   Code   RO          187    .text.pwmCalculatePSC_ARR  shockmodule.o
    0x08003070   0x08003070   0x00000020   Code   RO          193    .text.shockAllInit  shockmodule.o
    0x08003090   0x08003090   0x000000e8   Code   RO          191    .text.shockBoostSetDuty  shockmodule.o
    0x08003178   0x08003178   0x00000090   Code   RO          189    .text.shockBoostSetFreq  shockmodule.o
    0x08003208   0x08003208   0x00000038   Code   RO          195    .text.shockBoostVol  shockmodule.o
    0x08003240   0x08003240   0x00000024   Code   RO          185    .text.shockConstConfig  shockmodule.o
    0x08003264   0x08003264   0x0000001c   Code   RO          183    .text.shockIOPinConfig  shockmodule.o
    0x08003280   0x08003280   0x0000013c   Code   RO          209    .text.shockParameterUnpacking  shockmodule.o
    0x080033bc   0x080033bc   0x00000010   Code   RO          201    .text.shockPluseSenseSet  shockmodule.o
    0x080033cc   0x080033cc   0x00000046   Code   RO          205    .text.shockPulseSenseUnit  shockmodule.o
    0x08003412   0x08003412   0x00000002   PAD
    0x08003414   0x08003414   0x00000048   Code   RO          197    .text.shockTriggerAC  shockmodule.o
    0x0800345c   0x0800345c   0x00000020   Code   RO         1423    i.__0printf         mc_p.l(printfa.o)
    0x0800347c   0x0800347c   0x00000030   Code   RO         1428    i.__0vsnprintf      mc_p.l(printfa.o)
    0x080034ac   0x080034ac   0x0000002e   Code   RO         1509    i.__ARM_clz         mf_p.l(depilogue.o)
    0x080034da   0x080034da   0x0000000e   Code   RO         1519    i.__scatterload_copy  mc_p.l(handlers.o)
    0x080034e8   0x080034e8   0x00000002   Code   RO         1520    i.__scatterload_null  mc_p.l(handlers.o)
    0x080034ea   0x080034ea   0x0000000e   Code   RO         1521    i.__scatterload_zeroinit  mc_p.l(handlers.o)
    0x080034f8   0x080034f8   0x00000174   Code   RO         1430    i._fp_digits        mc_p.l(printfa.o)
    0x0800366c   0x0800366c   0x000006ec   Code   RO         1431    i._printf_core      mc_p.l(printfa.o)
    0x08003d58   0x08003d58   0x00000020   Code   RO         1432    i._printf_post_padding  mc_p.l(printfa.o)
    0x08003d78   0x08003d78   0x0000002c   Code   RO         1433    i._printf_pre_padding  mc_p.l(printfa.o)
    0x08003da4   0x08003da4   0x00000016   Code   RO         1434    i._snputc           mc_p.l(printfa.o)
    0x08003dba   0x08003dba   0x00000002   PAD
    0x08003dbc   0x08003dbc   0x00000020   Code   RO         1172    i.puts              mc_p.l(puts.o)
    0x08003ddc   0x08003ddc   0x00000014   Data   RO          365    .rodata..L__const.HAL_RCC_GetSysClockFreq.hsiValue  air001xx_hal_rcc.o
    0x08003df0   0x08003df0   0x00000040   Data   RO           18    .rodata.AHBPrescTable  system_air001xx.o
    0x08003e30   0x08003e30   0x00000020   Data   RO           19    .rodata.APBPrescTable  system_air001xx.o
    0x08003e50   0x08003e50   0x00000020   Data   RO           20    .rodata.HSIFreqTable  system_air001xx.o
    0x08003e70   0x08003e70   0x00000020   Data   RO         1518    Region$$Table       anon$$obj.o


    Execution Region RW_IRAM1 (Exec base: 0x20000000, Load base: 0x08003e90, Size: 0x000008e0, Max: 0x00001000, ABSOLUTE)

    Exec Addr    Load Addr    Size         Type   Attr      Idx    E Section Name        Object

    0x20000000   0x08003e90   0x000000c0   Data   RW           21    .ARM.__at_0x20000000  system_air001xx.o
    0x200000c0   0x08003f50   0x00000004   Data   RW         1485    .data               mc_p.l(stdout.o)
    0x200000c4   0x08003f54   0x00000003   Data   RW          128    .data.FrameEnd      usart.o
    0x200000c7   0x08003f57   0x00000001   Data   RW          130    .data.FrameEndSize  usart.o
    0x200000c8   0x08003f58   0x00000003   Data   RW          127    .data.FrameHeader   usart.o
    0x200000cb   0x08003f5b   0x00000001   Data   RW          129    .data.FrameHeaderSize  usart.o
    0x200000cc   0x08003f5c   0x00000004   Data   RW           17    .data.SystemCoreClock  system_air001xx.o
    0x200000d0   0x08003f60   0x00000001   Data   RW          122    .data.usart2_trans_end_flag  usart.o
    0x200000d1   0x08003f61   0x00000003   PAD
    0x200000d4   0x08003f64   0x00000004   Data   RW          323    .data.uwTickFreq    air001xx_hal.o
    0x200000d8   0x08003f68   0x00000004   Data   RW          322    .data.uwTickPrio    air001xx_hal.o
    0x200000dc   0x08003f6c   0x00000004   PAD
    0x200000e0        -       0x0000004c   Zero   RW          269    .bss.DebugUartHandle  air001_core_board.o
    0x2000012c        -       0x00000040   Zero   RW          231    .bss.hadc1          adc.o
    0x2000016c        -       0x00000008   Zero   RW           72    .bss.hcrc           crc.o
    0x20000174        -       0x00000044   Zero   RW          125    .bss.hdma_usart2_rx  usart.o
    0x200001b8        -       0x00000044   Zero   RW          124    .bss.hdma_usart2_tx  usart.o
    0x200001fc        -       0x00000040   Zero   RW           90    .bss.htim1          tim.o
    0x2000023c        -       0x0000004c   Zero   RW          126    .bss.huart1         usart.o
    0x20000288        -       0x0000004c   Zero   RW          123    .bss.huart2         usart.o
    0x200002d4        -       0x00000001   Zero   RW          119    .bss.usart2_recv_end_flag  usart.o
    0x200002d5        -       0x00000100   Zero   RW          117    .bss.usart2_rx_buffer  usart.o
    0x200003d5        -       0x00000001   Zero   RW          118    .bss.usart2_rx_len  usart.o
    0x200003d6        -       0x00000100   Zero   RW          120    .bss.usart2_tx_buffer  usart.o
    0x200004d6   0x08003f6c   0x00000002   PAD
    0x200004d8        -       0x00000004   Zero   RW          324    .bss.uwTick         air001xx_hal.o
    0x200004dc   0x08003f6c   0x00000004   PAD
    0x200004e0        -       0x00000400   Zero   RW            1    STACK               startup_air001_dev.o


==============================================================================

Image component sizes


      Code (inc. data)   RO Data    RW Data    ZI Data      Debug   Object Name

       232         20          0          0         64       4578   adc.o
        32          4          0          0         76       7874   air001_core_board.o
       168         12          0          8          4       5330   air001xx_hal.o
       704         32          0          0          0      13385   air001xx_hal_adc.o
       148         16          0          0          0       5579   air001xx_hal_cortex.o
        36          0          0          0          0       3026   air001xx_hal_crc.o
       622         16          0          0          0       8432   air001xx_hal_dma.o
       384         16          0          0          0       4509   air001xx_hal_gpio.o
        44          4          0          0          0       1248   air001xx_hal_msp.o
      1712        100         20          0          0       8784   air001xx_hal_rcc.o
      1464         56          0          0          0      41668   air001xx_hal_tim.o
       166          4          0          0          0      15419   air001xx_hal_tim_ex.o
      1830         36          0          0          0      18518   air001xx_hal_uart.o
       218         24          0          0          0       2774   air001xx_it.o
        80         16          0          0          8       2298   crc.o
       116          4          0          0          0       1872   gpio.o
       418         80          0          0          0       6688   main.o
      1314        284          0          0          0       9530   shockmodule.o
        28          8        192          0       1024        624   startup_air001_dev.o
        92         24        128        196          0       2257   system_air001xx.o
       368         24          0          0         64       5704   tim.o
      1210        212          0          9        802       9149   usart.o

    ----------------------------------------------------------------------
     11408        992        372        216       2052     179246   Object Totals
         0          0         32          0          0          0   (incl. Generated)
        22          0          0          3         10          0   (incl. Padding)

    ----------------------------------------------------------------------

      Code (inc. data)   RO Data    RW Data    ZI Data      Debug   Library Member Name

         0          0          0          0          0          0   entry.o
         0          0          0          0          0          0   entry10a.o
         0          0          0          0          0          0   entry11a.o
         8          4          0          0          0          0   entry2.o
         4          0          0          0          0          0   entry5.o
         0          0          0          0          0          0   entry7b.o
         0          0          0          0          0          0   entry8b.o
         8          4          0          0          0          0   entry9a.o
        30          0          0          0          0          0   handlers.o
        36          8          0          0          0         68   init.o
         0          0          0          0          0          0   iusefp.o
        32          0          0          0          0         68   llshl.o
        38          0          0          0          0         68   llsshr.o
        34          0          0          0          0         68   llushr.o
        36          0          0          0          0         60   memcpya.o
        36          0          0          0          0        100   memseta.o
      2322        102          0          0          0        544   printfa.o
        32          4          0          0          0         68   puts.o
         0          0          0          4          0          0   stdout.o
        62          0          0          0          0         72   uidiv_div0.o
        96          0          0          0          0         84   uldiv.o
        40          2          0          0          0         68   cdrcmple.o
       356          4          0          0          0        140   dadd.o
       240          6          0          0          0         84   ddiv.o
       236          0          0          0          0        216   depilogue.o
        60         10          0          0          0         68   dfixui.o
        64         10          0          0          0         68   dfixul.o
        28          4          0          0          0         68   dfltui.o
       208          6          0          0          0         88   dmul.o
        40          0          0          0          0         60   f2d.o
       130          0          0          0          0        144   fepilogue.o
        40          0          0          0          0         60   ffixui.o
        14          0          0          0          0         68   ffltui.o

    ----------------------------------------------------------------------
      4236        164          0          4          0       2332   Library Totals
         6          0          0          0          0          0   (incl. Padding)

    ----------------------------------------------------------------------

      Code (inc. data)   RO Data    RW Data    ZI Data      Debug   Library Name

      2774        122          0          4          0       1200   mc_p.l
      1456         42          0          0          0       1132   mf_p.l

    ----------------------------------------------------------------------
      4236        164          0          4          0       2332   Library Totals

    ----------------------------------------------------------------------

==============================================================================


      Code (inc. data)   RO Data    RW Data    ZI Data      Debug   

     15644       1156        372        220       2052     180178   Grand Totals
     15644       1156        372        220       2052     180178   ELF Image Totals
     15644       1156        372        220          0          0   ROM Totals

==============================================================================

    Total RO  Size (Code + RO Data)                16016 (  15.64kB)
    Total RW  Size (RW Data + ZI Data)              2272 (   2.22kB)
    Total ROM Size (Code + RO Data + RW Data)      16236 (  15.86kB)

==============================================================================

